Archive member included to satisfy reference by file (symbol)

C:/ST/STM32CubeIDE_2.1.1/STM32CubeIDE/plugins/com.st.stm32cube.ide.mcu.externaltools.gnu-tools-for-stm32.14.3.rel1.win32_1.0.100.202602081740/tools/bin/../lib/gcc/arm-none-eabi/14.3.1/../../../../arm-none-eabi/lib/thumb/v7e-m+fp/hard\libc_nano.a(libc_a-exit.o)
                              C:/ST/STM32CubeIDE_2.1.1/STM32CubeIDE/plugins/com.st.stm32cube.ide.mcu.externaltools.gnu-tools-for-stm32.14.3.rel1.win32_1.0.100.202602081740/tools/bin/../lib/gcc/arm-none-eabi/14.3.1/../../../../arm-none-eabi/lib/thumb/v7e-m+fp/hard/crt0.o (exit)
C:/ST/STM32CubeIDE_2.1.1/STM32CubeIDE/plugins/com.st.stm32cube.ide.mcu.externaltools.gnu-tools-for-stm32.14.3.rel1.win32_1.0.100.202602081740/tools/bin/../lib/gcc/arm-none-eabi/14.3.1/../../../../arm-none-eabi/lib/thumb/v7e-m+fp/hard\libc_nano.a(libc_a-malloc.o)
                              ./Core/ThreadSafe/newlib_lock_glue.o (malloc)
C:/ST/STM32CubeIDE_2.1.1/STM32CubeIDE/plugins/com.st.stm32cube.ide.mcu.externaltools.gnu-tools-for-stm32.14.3.rel1.win32_1.0.100.202602081740/tools/bin/../lib/gcc/arm-none-eabi/14.3.1/../../../../arm-none-eabi/lib/thumb/v7e-m+fp/hard\libc_nano.a(libc_a-mallocr.o)
                              C:/ST/STM32CubeIDE_2.1.1/STM32CubeIDE/plugins/com.st.stm32cube.ide.mcu.externaltools.gnu-tools-for-stm32.14.3.rel1.win32_1.0.100.202602081740/tools/bin/../lib/gcc/arm-none-eabi/14.3.1/../../../../arm-none-eabi/lib/thumb/v7e-m+fp/hard\libc_nano.a(libc_a-malloc.o) (_malloc_r)
C:/ST/STM32CubeIDE_2.1.1/STM32CubeIDE/plugins/com.st.stm32cube.ide.mcu.externaltools.gnu-tools-for-stm32.14.3.rel1.win32_1.0.100.202602081740/tools/bin/../lib/gcc/arm-none-eabi/14.3.1/../../../../arm-none-eabi/lib/thumb/v7e-m+fp/hard\libc_nano.a(libc_a-mlock.o)
                              C:/ST/STM32CubeIDE_2.1.1/STM32CubeIDE/plugins/com.st.stm32cube.ide.mcu.externaltools.gnu-tools-for-stm32.14.3.rel1.win32_1.0.100.202602081740/tools/bin/../lib/gcc/arm-none-eabi/14.3.1/../../../../arm-none-eabi/lib/thumb/v7e-m+fp/hard\libc_nano.a(libc_a-mallocr.o) (__malloc_lock)
C:/ST/STM32CubeIDE_2.1.1/STM32CubeIDE/plugins/com.st.stm32cube.ide.mcu.externaltools.gnu-tools-for-stm32.14.3.rel1.win32_1.0.100.202602081740/tools/bin/../lib/gcc/arm-none-eabi/14.3.1/../../../../arm-none-eabi/lib/thumb/v7e-m+fp/hard\libc_nano.a(libc_a-findfp.o)
                              C:/ST/STM32CubeIDE_2.1.1/STM32CubeIDE/plugins/com.st.stm32cube.ide.mcu.externaltools.gnu-tools-for-stm32.14.3.rel1.win32_1.0.100.202602081740/tools/bin/../lib/gcc/arm-none-eabi/14.3.1/../../../../arm-none-eabi/lib/thumb/v7e-m+fp/hard\libc_nano.a(libc_a-exit.o) (__stdio_exit_handler)
C:/ST/STM32CubeIDE_2.1.1/STM32CubeIDE/plugins/com.st.stm32cube.ide.mcu.externaltools.gnu-tools-for-stm32.14.3.rel1.win32_1.0.100.202602081740/tools/bin/../lib/gcc/arm-none-eabi/14.3.1/../../../../arm-none-eabi/lib/thumb/v7e-m+fp/hard\libc_nano.a(libc_a-fwalk.o)
                              C:/ST/STM32CubeIDE_2.1.1/STM32CubeIDE/plugins/com.st.stm32cube.ide.mcu.externaltools.gnu-tools-for-stm32.14.3.rel1.win32_1.0.100.202602081740/tools/bin/../lib/gcc/arm-none-eabi/14.3.1/../../../../arm-none-eabi/lib/thumb/v7e-m+fp/hard\libc_nano.a(libc_a-findfp.o) (_fwalk_sglue)
C:/ST/STM32CubeIDE_2.1.1/STM32CubeIDE/plugins/com.st.stm32cube.ide.mcu.externaltools.gnu-tools-for-stm32.14.3.rel1.win32_1.0.100.202602081740/tools/bin/../lib/gcc/arm-none-eabi/14.3.1/../../../../arm-none-eabi/lib/thumb/v7e-m+fp/hard\libc_nano.a(libc_a-stdio.o)
                              C:/ST/STM32CubeIDE_2.1.1/STM32CubeIDE/plugins/com.st.stm32cube.ide.mcu.externaltools.gnu-tools-for-stm32.14.3.rel1.win32_1.0.100.202602081740/tools/bin/../lib/gcc/arm-none-eabi/14.3.1/../../../../arm-none-eabi/lib/thumb/v7e-m+fp/hard\libc_nano.a(libc_a-findfp.o) (__sread)
C:/ST/STM32CubeIDE_2.1.1/STM32CubeIDE/plugins/com.st.stm32cube.ide.mcu.externaltools.gnu-tools-for-stm32.14.3.rel1.win32_1.0.100.202602081740/tools/bin/../lib/gcc/arm-none-eabi/14.3.1/../../../../arm-none-eabi/lib/thumb/v7e-m+fp/hard\libc_nano.a(libc_a-memset.o)
                              C:/ST/STM32CubeIDE_2.1.1/STM32CubeIDE/plugins/com.st.stm32cube.ide.mcu.externaltools.gnu-tools-for-stm32.14.3.rel1.win32_1.0.100.202602081740/tools/bin/../lib/gcc/arm-none-eabi/14.3.1/../../../../arm-none-eabi/lib/thumb/v7e-m+fp/hard/crt0.o (memset)
C:/ST/STM32CubeIDE_2.1.1/STM32CubeIDE/plugins/com.st.stm32cube.ide.mcu.externaltools.gnu-tools-for-stm32.14.3.rel1.win32_1.0.100.202602081740/tools/bin/../lib/gcc/arm-none-eabi/14.3.1/../../../../arm-none-eabi/lib/thumb/v7e-m+fp/hard\libc_nano.a(libc_a-closer.o)
                              C:/ST/STM32CubeIDE_2.1.1/STM32CubeIDE/plugins/com.st.stm32cube.ide.mcu.externaltools.gnu-tools-for-stm32.14.3.rel1.win32_1.0.100.202602081740/tools/bin/../lib/gcc/arm-none-eabi/14.3.1/../../../../arm-none-eabi/lib/thumb/v7e-m+fp/hard\libc_nano.a(libc_a-stdio.o) (_close_r)
[...]
Memory Configuration

Name             Origin             Length             Attributes
CCMRAM           0x10000000         0x00010000         xrw
RAM              0x20000000         0x00020000         xrw
FLASH            0x08000000         0x00080000         xr
*default*        0x00000000         0xffffffff

Linker script and memory map

LOAD C:/ST/STM32CubeIDE_2.1.1/STM32CubeIDE/plugins/com.st.stm32cube.ide.mcu.externaltools.gnu-tools-for-stm32.14.3.rel1.win32_1.0.100.202602081740/tools/bin/../lib/gcc/arm-none-eabi/14.3.1/thumb/v7e-m+fp/hard/crti.o
LOAD C:/ST/STM32CubeIDE_2.1.1/STM32CubeIDE/plugins/com.st.stm32cube.ide.mcu.externaltools.gnu-tools-for-stm32.14.3.rel1.win32_1.0.100.202602081740/tools/bin/../lib/gcc/arm-none-eabi/14.3.1/thumb/v7e-m+fp/hard/crtbegin.o
LOAD C:/ST/STM32CubeIDE_2.1.1/STM32CubeIDE/plugins/com.st.stm32cube.ide.mcu.externaltools.gnu-tools-for-stm32.14.3.rel1.win32_1.0.100.202602081740/tools/bin/../lib/gcc/arm-none-eabi/14.3.1/../../../../arm-none-eabi/lib/thumb/v7e-m+fp/hard/crt0.o
LOAD ./Core/Src/adc.o
LOAD ./Core/Src/app_tasks.o
LOAD ./Core/Src/dma.o
LOAD ./Core/Src/font12.o
LOAD ./Core/Src/font16.o
LOAD ./Core/Src/font20.o
LOAD ./Core/Src/font24.o
LOAD ./Core/Src/font8.o
LOAD ./Core/Src/freertos.o
LOAD ./Core/Src/fsmc.o
LOAD ./Core/Src/gpio.o
LOAD ./Core/Src/ili9325.o
LOAD ./Core/Src/main.o
LOAD ./Core/Src/openx07v_c_lcd.o
LOAD ./Core/Src/spi.o
LOAD ./Core/Src/stm32f4xx_hal_msp.o
LOAD ./Core/Src/stm32f4xx_it.o
LOAD ./Core/Src/syscalls.o
LOAD ./Core/Src/sysmem.o
LOAD ./Core/Src/system_stm32f4xx.o
LOAD ./Core/Src/tim.o
LOAD ./Core/Src/touch_panel.o
LOAD ./Core/Src/usart.o
LOAD ./Core/Startup/startup_stm32f407vetx.o
LOAD ./Core/ThreadSafe/newlib_lock_glue.o
LOAD ./Drivers/CMSIS/DSP/Source/CommonTables/arm_common_tables.o
LOAD ./Drivers/CMSIS/DSP/Source/CommonTables/arm_const_structs.o
LOAD ./Drivers/CMSIS/DSP/Source/ComplexMathFunctions/arm_cmplx_mag_f32.o
LOAD ./Drivers/CMSIS/DSP/Source/TransformFunctions/arm_bitreversal.o
LOAD ./Drivers/CMSIS/DSP/Source/TransformFunctions/arm_cfft_radix4_f32.o
LOAD ./Drivers/CMSIS/DSP/Source/TransformFunctions/arm_cfft_radix4_init_f32.o
LOAD ./Drivers/STM32F4xx_HAL_Driver/Src/stm32f4xx_hal.o
LOAD ./Drivers/STM32F4xx_HAL_Driver/Src/stm32f4xx_hal_adc.o
LOAD ./Drivers/STM32F4xx_HAL_Driver/Src/stm32f4xx_hal_adc_ex.o
LOAD ./Drivers/STM32F4xx_HAL_Driver/Src/stm32f4xx_hal_cortex.o
LOAD ./Drivers/STM32F4xx_HAL_Driver/Src/stm32f4xx_hal_dma.o
LOAD ./Drivers/STM32F4xx_HAL_Driver/Src/stm32f4xx_hal_dma_ex.o
LOAD ./Drivers/STM32F4xx_HAL_Driver/Src/stm32f4xx_hal_exti.o
LOAD ./Drivers/STM32F4xx_HAL_Driver/Src/stm32f4xx_hal_flash.o
LOAD ./Drivers/STM32F4xx_HAL_Driver/Src/stm32f4xx_hal_flash_ex.o
LOAD ./Drivers/STM32F4xx_HAL_Driver/Src/stm32f4xx_hal_flash_ramfunc.o
LOAD ./Drivers/STM32F4xx_HAL_Driver/Src/stm32f4xx_hal_gpio.o
LOAD ./Drivers/STM32F4xx_HAL_Driver/Src/stm32f4xx_hal_nand.o
LOAD ./Drivers/STM32F4xx_HAL_Driver/Src/stm32f4xx_hal_nor.o
LOAD ./Drivers/STM32F4xx_HAL_Driver/Src/stm32f4xx_hal_pccard.o
LOAD ./Drivers/STM32F4xx_HAL_Driver/Src/stm32f4xx_hal_pwr.o
LOAD ./Drivers/STM32F4xx_HAL_Driver/Src/stm32f4xx_hal_pwr_ex.o
LOAD ./Drivers/STM32F4xx_HAL_Driver/Src/stm32f4xx_hal_rcc.o
LOAD ./Drivers/STM32F4xx_HAL_Driver/Src/stm32f4xx_hal_rcc_ex.o
LOAD ./Drivers/STM32F4xx_HAL_Driver/Src/stm32f4xx_hal_spi.o
LOAD ./Drivers/STM32F4xx_HAL_Driver/Src/stm32f4xx_hal_sram.o
LOAD ./Drivers/STM32F4xx_HAL_Driver/Src/stm32f4xx_hal_tim.o
LOAD ./Drivers/STM32F4xx_HAL_Driver/Src/stm32f4xx_hal_tim_ex.o
LOAD ./Drivers/STM32F4xx_HAL_Driver/Src/stm32f4xx_hal_uart.o
LOAD ./Drivers/STM32F4xx_HAL_Driver/Src/stm32f4xx_ll_fsmc.o
LOAD ./Middlewares/Third_Party/FreeRTOS/Source/CMSIS_RTOS/cmsis_os.o
LOAD ./Middlewares/Third_Party/FreeRTOS/Source/croutine.o
LOAD ./Middlewares/Third_Party/FreeRTOS/Source/event_groups.o
LOAD ./Middlewares/Third_Party/FreeRTOS/Source/list.o
LOAD ./Middlewares/Third_Party/FreeRTOS/Source/queue.o
LOAD ./Middlewares/Third_Party/FreeRTOS/Source/stream_buffer.o
LOAD ./Middlewares/Third_Party/FreeRTOS/Source/tasks.o
LOAD ./Middlewares/Third_Party/FreeRTOS/Source/timers.o
LOAD ./Middlewares/Third_Party/FreeRTOS/Source/portable/GCC/ARM_CM4F/port.o
LOAD ./Middlewares/Third_Party/FreeRTOS/Source/portable/MemMang/heap_4.o
START GROUP
LOAD C:/ST/STM32CubeIDE_2.1.1/STM32CubeIDE/plugins/com.st.stm32cube.ide.mcu.externaltools.gnu-tools-for-stm32.14.3.rel1.win32_1.0.100.202602081740/tools/bin/../lib/gcc/arm-none-eabi/14.3.1/../../../../arm-none-eabi/lib/thumb/v7e-m+fp/hard\libc_nano.a
LOAD C:/ST/STM32CubeIDE_2.1.1/STM32CubeIDE/plugins/com.st.stm32cube.ide.mcu.externaltools.gnu-tools-for-stm32.14.3.rel1.win32_1.0.100.202602081740/tools/bin/../lib/gcc/arm-none-eabi/14.3.1/../../../../arm-none-eabi/lib/thumb/v7e-m+fp/hard\libm.a
END GROUP
START GROUP
LOAD C:/ST/STM32CubeIDE_2.1.1/STM32CubeIDE/plugins/com.st.stm32cube.ide.mcu.externaltools.gnu-tools-for-stm32.14.3.rel1.win32_1.0.100.202602081740/tools/bin/../lib/gcc/arm-none-eabi/14.3.1/thumb/v7e-m+fp/hard\libgcc.a
LOAD C:/ST/STM32CubeIDE_2.1.1/STM32CubeIDE/plugins/com.st.stm32cube.ide.mcu.externaltools.gnu-tools-for-stm32.14.3.rel1.win32_1.0.100.202602081740/tools/bin/../lib/gcc/arm-none-eabi/14.3.1/../../../../arm-none-eabi/lib/thumb/v7e-m+fp/hard\libc_nano.a
END GROUP
START GROUP
LOAD C:/ST/STM32CubeIDE_2.1.1/STM32CubeIDE/plugins/com.st.stm32cube.ide.mcu.externaltools.gnu-tools-for-stm32.14.3.rel1.win32_1.0.100.202602081740/tools/bin/../lib/gcc/arm-none-eabi/14.3.1/thumb/v7e-m+fp/hard\libgcc.a
LOAD C:/ST/STM32CubeIDE_2.1.1/STM32CubeIDE/plugins/com.st.stm32cube.ide.mcu.externaltools.gnu-tools-for-stm32.14.3.rel1.win32_1.0.100.202602081740/tools/bin/../lib/gcc/arm-none-eabi/14.3.1/../../../../arm-none-eabi/lib/thumb/v7e-m+fp/hard\libc_nano.a
LOAD C:/ST/STM32CubeIDE_2.1.1/STM32CubeIDE/plugins/com.st.stm32cube.ide.mcu.externaltools.gnu-tools-for-stm32.14.3.rel1.win32_1.0.100.202602081740/tools/bin/../lib/gcc/arm-none-eabi/14.3.1/../../../../arm-none-eabi/lib/thumb/v7e-m+fp/hard\libnosys.a
END GROUP
START GROUP
LOAD C:/ST/STM32CubeIDE_2.1.1/STM32CubeIDE/plugins/com.st.stm32cube.ide.mcu.externaltools.gnu-tools-for-stm32.14.3.rel1.win32_1.0.100.202602081740/tools/bin/../lib/gcc/arm-none-eabi/14.3.1/thumb/v7e-m+fp/hard\libgcc.a
LOAD C:/ST/STM32CubeIDE_2.1.1/STM32CubeIDE/plugins/com.st.stm32cube.ide.mcu.externaltools.gnu-tools-for-stm32.14.3.rel1.win32_1.0.100.202602081740/tools/bin/../lib/gcc/arm-none-eabi/14.3.1/../../../../arm-none-eabi/lib/thumb/v7e-m+fp/hard\libc_nano.a
LOAD C:/ST/STM32CubeIDE_2.1.1/STM32CubeIDE/plugins/com.st.stm32cube.ide.mcu.externaltools.gnu-tools-for-stm32.14.3.rel1.win32_1.0.100.202602081740/tools/bin/../lib/gcc/arm-none-eabi/14.3.1/../../../../arm-none-eabi/lib/thumb/v7e-m+fp/hard\libnosys.a
END GROUP
LOAD C:/ST/STM32CubeIDE_2.1.1/STM32CubeIDE/plugins/com.st.stm32cube.ide.mcu.externaltools.gnu-tools-for-stm32.14.3.rel1.win32_1.0.100.202602081740/tools/bin/../lib/gcc/arm-none-eabi/14.3.1/thumb/v7e-m+fp/hard/crtend.o
LOAD C:/ST/STM32CubeIDE_2.1.1/STM32CubeIDE/plugins/com.st.stm32cube.ide.mcu.externaltools.gnu-tools-for-stm32.14.3.rel1.win32_1.0.100.202602081740/tools/bin/../lib/gcc/arm-none-eabi/14.3.1/thumb/v7e-m+fp/hard/crtn.o
                0x20020000                        _estack = (ORIGIN (RAM) + LENGTH (RAM))
                0x00000200                        _Min_Heap_Size = 0x200
                0x00000400                        _Min_Stack_Size = 0x400

.isr_vector     0x08000000      0x188
                0x08000000                        . = ALIGN (0x4)
 *(.isr_vector)
 .isr_vector    0x08000000      0x188 ./Core/Startup/startup_stm32f407vetx.o
                0x08000000                g_pfnVectors
                0x08000188                        . = ALIGN (0x4)

.text           0x08000190     0xb3e0
                0x08000190                        . = ALIGN (0x4)
 *(.text)
 .text          0x08000190       0x40 C:/ST/STM32CubeIDE_2.1.1/STM32CubeIDE/plugins/com.st.stm32cube.ide.mcu.externaltools.gnu-tools-for-stm32.14.3.rel1.win32_1.0.100.202602081740/tools/bin/../lib/gcc/arm-none-eabi/14.3.1/thumb/v7e-m+fp/hard/crtbegin.o
 .text          0x080001d0      0x378 C:/ST/STM32CubeIDE_2.1.1/STM32CubeIDE/plugins/com.st.stm32cube.ide.mcu.externaltools.gnu-tools-for-stm32.14.3.rel1.win32_1.0.100.202602081740/tools/bin/../lib/gcc/arm-none-eabi/14.3.1/thumb/v7e-m+fp/hard\libgcc.a(_arm_addsubdf3.o)
                0x080001d0                __aeabi_drsub
                0x080001d8                __aeabi_dsub
                0x080001d8                __subdf3
                0x080001dc                __aeabi_dadd
                0x080001dc                __adddf3
                0x08000454                __floatunsidf
                0x08000454                __aeabi_ui2d
                0x08000474                __floatsidf
                0x08000474                __aeabi_i2d
                0x08000498                __aeabi_f2d
                0x08000498                __extendsfdf2
                0x080004dc                __floatundidf
                0x080004dc                __aeabi_ul2d
                0x080004ec                __floatdidf
                0x080004ec                __aeabi_l2d
 .text          0x08000548      0x110 C:/ST/STM32CubeIDE_2.1.1/STM32CubeIDE/plugins/com.st.stm32cube.ide.mcu.externaltools.gnu-tools-for-stm32.14.3.rel1.win32_1.0.100.202602081740/tools/bin/../lib/gcc/arm-none-eabi/14.3.1/thumb/v7e-m+fp/hard\libgcc.a(_arm_cmpdf2.o)
                0x08000548                __gtdf2
                0x08000548                __gedf2
                0x08000550                __ltdf2
                0x08000550                __ledf2
                0x08000558                __nedf2
                0x08000558                __eqdf2
                0x08000558                __cmpdf2
                0x080005d4                __aeabi_cdrcmple
                0x080005e4                __aeabi_cdcmpeq
                0x080005e4                __aeabi_cdcmple
                0x080005f4                __aeabi_dcmpeq
                0x08000608                __aeabi_dcmplt
                0x0800061c                __aeabi_dcmple
                0x08000630                __aeabi_dcmpge
                0x08000644                __aeabi_dcmpgt
 .text          0x08000658       0x30 C:/ST/STM32CubeIDE_2.1.1/STM32CubeIDE/plugins/com.st.stm32cube.ide.mcu.externaltools.gnu-tools-for-stm32.14.3.rel1.win32_1.0.100.202602081740/tools/bin/../lib/gcc/arm-none-eabi/14.3.1/thumb/v7e-m+fp/hard\libgcc.a(_aeabi_uldivmod.o)
                0x08000658                __aeabi_uldivmod
 .text          0x08000688      0x2f8 C:/ST/STM32CubeIDE_2.1.1/STM32CubeIDE/plugins/com.st.stm32cube.ide.mcu.externaltools.gnu-tools-for-stm32.14.3.rel1.win32_1.0.100.202602081740/tools/bin/../lib/gcc/arm-none-eabi/14.3.1/thumb/v7e-m+fp/hard\libgcc.a(_udivmoddi4.o)
                0x08000688                __udivmoddi4
 .text          0x08000980        0x4 C:/ST/STM32CubeIDE_2.1.1/STM32CubeIDE/plugins/com.st.stm32cube.ide.mcu.externaltools.gnu-tools-for-stm32.14.3.rel1.win32_1.0.100.202602081740/tools/bin/../lib/gcc/arm-none-eabi/14.3.1/thumb/v7e-m+fp/hard\libgcc.a(_dvmd_tls.o)
                0x08000980                __aeabi_idiv0
                0x08000980                __aeabi_ldiv0
 *(.text*)
 .text.MX_ADC1_Init
                0x08000984       0xa8 ./Core/Src/adc.o
                0x08000984                MX_ADC1_Init
 .text.HAL_ADC_MspInit
                0x08000a2c       0xe8 ./Core/Src/adc.o
                0x08000a2c                HAL_ADC_MspInit
 .text.HAL_ADC_ConvCpltCallback
                0x08000b14       0x5c ./Core/Src/app_tasks.o
                0x08000b14                HAL_ADC_ConvCpltCallback
 .text.HAL_UART_TxCpltCallback
                0x08000b70       0x58 ./Core/Src/app_tasks.o
                0x08000b70                HAL_UART_TxCpltCallback
 .text.AdcTask  0x08000bc8      0x110 ./Core/Src/app_tasks.o
 .text.Fft_BarTopY
                0x08000cd8       0x7c ./Core/Src/app_tasks.o
 .text.FftTask  0x08000d54      0x230 ./Core/Src/app_tasks.o
 .text.UartTask
                0x08000f84       0xf0 ./Core/Src/app_tasks.o
 .text.Build_RawFrame
                0x08001074       0x58 ./Core/Src/app_tasks.o
 .text.Build_FftFrame
                0x080010cc       0x5e ./Core/Src/app_tasks.o
 *fill*         0x0800112a        0x2 
 .text.App_FreeRTOS_Init
                0x0800112c      0x134 ./Core/Src/app_tasks.o
                0x0800112c                App_FreeRTOS_Init
 .text.MX_DMA_Init
                0x08001260       0x40 ./Core/Src/dma.o
                0x08001260                MX_DMA_Init
 .text.vApplicationGetIdleTaskMemory
                0x080012a0       0x34 ./Core/Src/freertos.o
                0x080012a0                vApplicationGetIdleTaskMemory
 .text.MX_FREERTOS_Init
                0x080012d4       0x3c ./Core/Src/freertos.o
                0x080012d4                MX_FREERTOS_Init
 .text.StartDefaultTask
                0x08001310       0x10 ./Core/Src/freertos.o
                0x08001310                StartDefaultTask
 .text.MX_FSMC_Init
                0x08001320       0xc0 ./Core/Src/fsmc.o
                0x08001320                MX_FSMC_Init
 .text.HAL_FSMC_MspInit
                0x080013e0       0x98 ./Core/Src/fsmc.o
 .text.HAL_SRAM_MspInit
                0x08001478       0x14 ./Core/Src/fsmc.o
                0x08001478                HAL_SRAM_MspInit
 .text.MX_GPIO_Init
                0x0800148c      0x164 ./Core/Src/gpio.o
                0x0800148c                MX_GPIO_Init
 .text.LCD_IO_Init
                0x080015f0        0xe ./Core/Src/ili9325.o
                0x080015f0                LCD_IO_Init
 *fill*         0x080015fe        0x2 
 .text.LCD_IO_WriteMultipleData
                0x08001600       0x48 ./Core/Src/ili9325.o
                0x08001600                LCD_IO_WriteMultipleData
 .text.LCD_IO_WriteReg
                0x08001648       0x20 ./Core/Src/ili9325.o
                0x08001648                LCD_IO_WriteReg
 .text.LCD_IO_ReadData
                0x08001668       0x18 ./Core/Src/ili9325.o
                0x08001668                LCD_IO_ReadData
 .text.ili9325_Init
                0x08001680      0x1f0 ./Core/Src/ili9325.o
                0x08001680                ili9325_Init
 .text.ili9325_DisplayOn
                0x08001870       0x62 ./Core/Src/ili9325.o
                0x08001870                ili9325_DisplayOn
 .text.ili9325_DisplayOff
                0x080018d2       0x38 ./Core/Src/ili9325.o
                0x080018d2                ili9325_DisplayOff
 .text.ili9325_GetLcdPixelWidth
                0x0800190a       0x12 ./Core/Src/ili9325.o
                0x0800190a                ili9325_GetLcdPixelWidth
 .text.ili9325_GetLcdPixelHeight
                0x0800191c       0x10 ./Core/Src/ili9325.o
                0x0800191c                ili9325_GetLcdPixelHeight
 .text.ili9325_ReadID
                0x0800192c       0x14 ./Core/Src/ili9325.o
                0x0800192c                ili9325_ReadID
 .text.ili9325_SetCursor
                0x08001940       0x32 ./Core/Src/ili9325.o
                0x08001940                ili9325_SetCursor
 .text.ili9325_WritePixel
                0x08001972       0x36 ./Core/Src/ili9325.o
                0x08001972                ili9325_WritePixel
 .text.ili9325_ReadPixel
                0x080019a8       0x34 ./Core/Src/ili9325.o
                0x080019a8                ili9325_ReadPixel
 .text.ili9325_WriteReg
                0x080019dc       0x2a ./Core/Src/ili9325.o
                0x080019dc                ili9325_WriteReg
 .text.ili9325_ReadReg
                0x08001a06       0x20 ./Core/Src/ili9325.o
                0x08001a06                ili9325_ReadReg
 .text.ili9325_SetDisplayWindow
                0x08001a26       0x6a ./Core/Src/ili9325.o
                0x08001a26                ili9325_SetDisplayWindow
 .text.ili9325_DrawHLine
                0x08001a90       0x6c ./Core/Src/ili9325.o
                0x08001a90                ili9325_DrawHLine
 .text.ili9325_DrawVLine
                0x08001afc       0x80 ./Core/Src/ili9325.o
                0x08001afc                ili9325_DrawVLine
 .text.ili9325_DrawBitmap
                0x08001b7c       0x9c ./Core/Src/ili9325.o
                0x08001b7c                ili9325_DrawBitmap
 .text.ili9325_DrawRGBImage
                0x08001c18       0x52 ./Core/Src/ili9325.o
                0x08001c18                ili9325_DrawRGBImage
 *fill*         0x08001c6a        0x2 
 .text.ili9325_Clear
                0x08001c6c       0x40 ./Core/Src/ili9325.o
                0x08001c6c                ili9325_Clear
 .text.main     0x08001cac       0x6c ./Core/Src/main.o
                0x08001cac                main
 .text.SystemClock_Config
                0x08001d18       0xd4 ./Core/Src/main.o
                0x08001d18                SystemClock_Config
 .text.LCD_TFT_Init_Calib
                0x08001dec       0x78 ./Core/Src/main.o
                0x08001dec                LCD_TFT_Init_Calib
 .text.Error_Handler
                0x08001e64        0xc ./Core/Src/main.o
                0x08001e64                Error_Handler
 .text.BSP_LCD_Init
                0x08001e70       0x64 ./Core/Src/openx07v_c_lcd.o
                0x08001e70                BSP_LCD_Init
 .text.BSP_LCD_GetXSize
                0x08001ed4       0x18 ./Core/Src/openx07v_c_lcd.o
                0x08001ed4                BSP_LCD_GetXSize
 .text.BSP_LCD_GetYSize
                0x08001eec       0x18 ./Core/Src/openx07v_c_lcd.o
                0x08001eec                BSP_LCD_GetYSize
 .text.BSP_LCD_SetTextColor
                0x08001f04       0x20 ./Core/Src/openx07v_c_lcd.o
                0x08001f04                BSP_LCD_SetTextColor
 .text.BSP_LCD_SetBackColor
                0x08001f24       0x20 ./Core/Src/openx07v_c_lcd.o
                0x08001f24                BSP_LCD_SetBackColor
 .text.BSP_LCD_SetFont
                0x08001f44       0x20 ./Core/Src/openx07v_c_lcd.o
                0x08001f44                BSP_LCD_SetFont
 .text.BSP_LCD_GetFont
                0x08001f64       0x18 ./Core/Src/openx07v_c_lcd.o
                0x08001f64                BSP_LCD_GetFont
 .text.BSP_LCD_Clear
                0x08001f7c       0x68 ./Core/Src/openx07v_c_lcd.o
                0x08001f7c                BSP_LCD_Clear
 .text.BSP_LCD_DisplayChar
                0x08001fe4       0x54 ./Core/Src/openx07v_c_lcd.o
                0x08001fe4                BSP_LCD_DisplayChar
 .text.BSP_LCD_DisplayStringAt
                0x08002038      0x11c ./Core/Src/openx07v_c_lcd.o
                0x08002038                BSP_LCD_DisplayStringAt
 .text.BSP_LCD_DisplayStringAtLine
                0x08002154       0x2e ./Core/Src/openx07v_c_lcd.o
                0x08002154                BSP_LCD_DisplayStringAtLine
 *fill*         0x08002182        0x2 
 .text.BSP_LCD_DrawHLine
                0x08002184       0x74 ./Core/Src/openx07v_c_lcd.o
                0x08002184                BSP_LCD_DrawHLine
 .text.BSP_LCD_DrawVLine
                0x080021f8       0x74 ./Core/Src/openx07v_c_lcd.o
                0x080021f8                BSP_LCD_DrawVLine
 .text.BSP_LCD_DrawLine
                0x0800226c      0x184 ./Core/Src/openx07v_c_lcd.o
                0x0800226c                BSP_LCD_DrawLine
 .text.BSP_LCD_DrawCircle
                0x080023f0      0x178 ./Core/Src/openx07v_c_lcd.o
                0x080023f0                BSP_LCD_DrawCircle
 .text.BSP_LCD_DrawBitmap
                0x08002568       0x94 ./Core/Src/openx07v_c_lcd.o
                0x08002568                BSP_LCD_DrawBitmap
 .text.BSP_LCD_FillRect
                0x080025fc       0x54 ./Core/Src/openx07v_c_lcd.o
                0x080025fc                BSP_LCD_FillRect
 .text.BSP_LCD_FillCircle
                0x08002650      0x124 ./Core/Src/openx07v_c_lcd.o
                0x08002650                BSP_LCD_FillCircle
 .text.BSP_LCD_DisplayOn
                0x08002774       0x14 ./Core/Src/openx07v_c_lcd.o
                0x08002774                BSP_LCD_DisplayOn
 .text.LCD_DrawPixel
                0x08002788       0x38 ./Core/Src/openx07v_c_lcd.o
 .text.LCD_DrawChar
                0x080027c0      0x1e4 ./Core/Src/openx07v_c_lcd.o
 .text.LCD_SetDisplayWindow
                0x080029a4       0x44 ./Core/Src/openx07v_c_lcd.o
 .text.MX_SPI2_Init
                0x080029e8       0x6c ./Core/Src/spi.o
                0x080029e8                MX_SPI2_Init
 .text.HAL_SPI_MspInit
                0x08002a54       0xa0 ./Core/Src/spi.o
                0x08002a54                HAL_SPI_MspInit
 .text.HAL_MspInit
                0x08002af4       0x58 ./Core/Src/stm32f4xx_hal_msp.o
                0x08002af4                HAL_MspInit
 .text.NMI_Handler
                0x08002b4c        0x8 ./Core/Src/stm32f4xx_it.o
                0x08002b4c                NMI_Handler
 .text.HardFault_Handler
                0x08002b54        0x8 ./Core/Src/stm32f4xx_it.o
                0x08002b54                HardFault_Handler
 .text.MemManage_Handler
                0x08002b5c        0x8 ./Core/Src/stm32f4xx_it.o
                0x08002b5c                MemManage_Handler
 .text.BusFault_Handler
                0x08002b64        0x8 ./Core/Src/stm32f4xx_it.o
                0x08002b64                BusFault_Handler
 .text.UsageFault_Handler
                0x08002b6c        0x8 ./Core/Src/stm32f4xx_it.o
                0x08002b6c                UsageFault_Handler
 .text.DebugMon_Handler
                0x08002b74        0xe ./Core/Src/stm32f4xx_it.o
                0x08002b74                DebugMon_Handler
 .text.SysTick_Handler
                0x08002b82       0x1a ./Core/Src/stm32f4xx_it.o
                0x08002b82                SysTick_Handler
 .text.SPI2_IRQHandler
                0x08002b9c       0x14 ./Core/Src/stm32f4xx_it.o
                0x08002b9c                SPI2_IRQHandler
 .text.USART3_IRQHandler
                0x08002bb0       0x14 ./Core/Src/stm32f4xx_it.o
                0x08002bb0                USART3_IRQHandler
 .text.DMA2_Stream0_IRQHandler
                0x08002bc4       0x14 ./Core/Src/stm32f4xx_it.o
                0x08002bc4                DMA2_Stream0_IRQHandler
 .text.SystemInit
                0x08002bd8       0x24 ./Core/Src/system_stm32f4xx.o
                0x08002bd8                SystemInit
 .text.MX_TIM3_Init
                0x08002bfc       0x9c ./Core/Src/tim.o
                0x08002bfc                MX_TIM3_Init
 .text.HAL_TIM_Base_MspInit
                0x08002c98       0x44 ./Core/Src/tim.o
                0x08002c98                HAL_TIM_Base_MspInit
 .text.DelayUS  0x08002cdc       0x28 ./Core/Src/touch_panel.o
                0x08002cdc                DelayUS
 .text.WR_CMD   0x08002d04       0x24 ./Core/Src/touch_panel.o
 .text.RD_AD    0x08002d28       0x34 ./Core/Src/touch_panel.o
 .text.Read_X   0x08002d5c       0x40 ./Core/Src/touch_panel.o
                0x08002d5c                Read_X
 .text.Read_Y   0x08002d9c       0x40 ./Core/Src/touch_panel.o
                0x08002d9c                Read_Y
 .text.TP_GetAdXY
                0x08002ddc       0x30 ./Core/Src/touch_panel.o
                0x08002ddc                TP_GetAdXY
 .text.DrawCross
                0x08002e0c       0x58 ./Core/Src/touch_panel.o
                0x08002e0c                DrawCross
 .text.Read_Ads7846
                0x08002e64      0x278 ./Core/Src/touch_panel.o
                0x08002e64                Read_Ads7846
 .text.setCalibrationMatrix
                0x080030dc      0x31a ./Core/Src/touch_panel.o
                0x080030dc                setCalibrationMatrix
 *fill*         0x080033f6        0x2 
 .text.TouchPanel_Calibrate
                0x080033f8       0xc4 ./Core/Src/touch_panel.o
                0x080033f8                TouchPanel_Calibrate
 .text.MX_USART3_UART_Init
                0x080034bc       0x54 ./Core/Src/usart.o
                0x080034bc                MX_USART3_UART_Init
 .text.HAL_UART_MspInit
                0x08003510       0xa0 ./Core/Src/usart.o
                0x08003510                HAL_UART_MspInit
 .text.Reset_Handler
                0x080035b0       0x50 ./Core/Startup/startup_stm32f407vetx.o
                0x080035b0                Reset_Handler
 .text.Default_Handler
                0x08003600        0x2 ./Core/Startup/startup_stm32f407vetx.o
                0x08003600                RTC_Alarm_IRQHandler
                0x08003600                HASH_RNG_IRQHandler
                0x08003600                EXTI2_IRQHandler
                0x08003600                TIM8_CC_IRQHandler
                0x08003600                TIM1_CC_IRQHandler
                0x08003600                DMA2_Stream5_IRQHandler
                0x08003600                DMA1_Stream5_IRQHandler
                0x08003600                PVD_IRQHandler
                0x08003600                SDIO_IRQHandler
                0x08003600                TAMP_STAMP_IRQHandler
                0x08003600                CAN2_RX1_IRQHandler
                0x08003600                EXTI3_IRQHandler
                0x08003600                TIM8_TRG_COM_TIM14_IRQHandler
                0x08003600                TIM1_UP_TIM10_IRQHandler
                0x08003600                TIM8_UP_TIM13_IRQHandler
                0x08003600                I2C3_ER_IRQHandler
                0x08003600                EXTI0_IRQHandler
                0x08003600                I2C2_EV_IRQHandler
                0x08003600                DMA1_Stream2_IRQHandler
                0x08003600                CAN1_RX0_IRQHandler
                0x08003600                FPU_IRQHandler
                0x08003600                OTG_HS_WKUP_IRQHandler
                0x08003600                CAN2_SCE_IRQHandler
                0x08003600                DMA2_Stream2_IRQHandler
                0x08003600                SPI1_IRQHandler
                0x08003600                TIM6_DAC_IRQHandler
                0x08003600                TIM1_BRK_TIM9_IRQHandler
                0x08003600                DCMI_IRQHandler
                0x08003600                CAN2_RX0_IRQHandler
                0x08003600                DMA2_Stream3_IRQHandler
                0x08003600                USART6_IRQHandler
                0x08003600                CAN1_RX1_IRQHandler
                0x08003600                UART5_IRQHandler
                0x08003600                TIM4_IRQHandler
                0x08003600                I2C1_EV_IRQHandler
                0x08003600                DMA1_Stream6_IRQHandler
                0x08003600                DMA1_Stream1_IRQHandler
                0x08003600                UART4_IRQHandler
                0x08003600                TIM3_IRQHandler
                0x08003600                RCC_IRQHandler
                0x08003600                TIM8_BRK_TIM12_IRQHandler
                0x08003600                Default_Handler
                0x08003600                EXTI15_10_IRQHandler
                0x08003600                ADC_IRQHandler
                0x08003600                DMA1_Stream7_IRQHandler
                0x08003600                TIM7_IRQHandler
                0x08003600                CAN2_TX_IRQHandler
                0x08003600                TIM5_IRQHandler
                0x08003600                DMA2_Stream7_IRQHandler
                0x08003600                I2C3_EV_IRQHandler
                0x08003600                EXTI9_5_IRQHandler
                0x08003600                RTC_WKUP_IRQHandler
                0x08003600                ETH_WKUP_IRQHandler
                0x08003600                OTG_HS_EP1_IN_IRQHandler
                0x08003600                DMA1_Stream0_IRQHandler
                0x08003600                CAN1_TX_IRQHandler
                0x08003600                EXTI4_IRQHandler
                0x08003600                FSMC_IRQHandler
                0x08003600                ETH_IRQHandler
                0x08003600                OTG_HS_EP1_OUT_IRQHandler
                0x08003600                WWDG_IRQHandler
                0x08003600                TIM2_IRQHandler
                0x08003600                OTG_FS_WKUP_IRQHandler
                0x08003600                TIM1_TRG_COM_TIM11_IRQHandler
                0x08003600                OTG_HS_IRQHandler
                0x08003600                EXTI1_IRQHandler
                0x08003600                USART2_IRQHandler
                0x08003600                I2C2_ER_IRQHandler
                0x08003600                DMA2_Stream1_IRQHandler
                0x08003600                CAN1_SCE_IRQHandler
                0x08003600                FLASH_IRQHandler
                0x08003600                DMA2_Stream4_IRQHandler
                0x08003600                USART1_IRQHandler
                0x08003600                OTG_FS_IRQHandler
                0x08003600                SPI3_IRQHandler
                0x08003600                DMA1_Stream4_IRQHandler
                0x08003600                I2C1_ER_IRQHandler
                0x08003600                DMA2_Stream6_IRQHandler
                0x08003600                DMA1_Stream3_IRQHandler
 .text.arm_cmplx_mag_f32
                0x08003602       0x88 ./Drivers/CMSIS/DSP/Source/ComplexMathFunctions/arm_cmplx_mag_f32.o
                0x08003602                arm_cmplx_mag_f32
 .text.arm_bitreversal_f32
                0x0800368a      0x1bc ./Drivers/CMSIS/DSP/Source/TransformFunctions/arm_bitreversal.o
                0x0800368a                arm_bitreversal_f32
 .text.arm_cfft_radix4_f32
                0x08003846       0x66 ./Drivers/CMSIS/DSP/Source/TransformFunctions/arm_cfft_radix4_f32.o
                0x08003846                arm_cfft_radix4_f32
 .text.arm_radix4_butterfly_f32
                0x080038ac      0x392 ./Drivers/CMSIS/DSP/Source/TransformFunctions/arm_cfft_radix4_f32.o
                0x080038ac                arm_radix4_butterfly_f32
 .text.arm_radix4_butterfly_inverse_f32
                0x08003c3e      0x61c ./Drivers/CMSIS/DSP/Source/TransformFunctions/arm_cfft_radix4_f32.o
                0x08003c3e                arm_radix4_butterfly_inverse_f32
 *fill*         0x0800425a        0x2 
 .text.arm_cfft_radix4_init_f32
                0x0800425c      0x12c ./Drivers/CMSIS/DSP/Source/TransformFunctions/arm_cfft_radix4_init_f32.o
                0x0800425c                arm_cfft_radix4_init_f32
 .text.HAL_Init
                0x08004388       0x44 ./Drivers/STM32F4xx_HAL_Driver/Src/stm32f4xx_hal.o
                0x08004388                HAL_Init
 .text.HAL_InitTick
                0x080043cc       0x60 ./Drivers/STM32F4xx_HAL_Driver/Src/stm32f4xx_hal.o
                0x080043cc                HAL_InitTick
 .text.HAL_IncTick
                0x0800442c       0x28 ./Drivers/STM32F4xx_HAL_Driver/Src/stm32f4xx_hal.o
                0x0800442c                HAL_IncTick
 .text.HAL_GetTick
                0x08004454       0x18 ./Drivers/STM32F4xx_HAL_Driver/Src/stm32f4xx_hal.o
                0x08004454                HAL_GetTick
 .text.HAL_Delay
                0x0800446c       0x48 ./Drivers/STM32F4xx_HAL_Driver/Src/stm32f4xx_hal.o
                0x0800446c                HAL_Delay
 .text.HAL_ADC_Init
                0x080044b4       0x86 ./Drivers/STM32F4xx_HAL_Driver/Src/stm32f4xx_hal_adc.o
                0x080044b4                HAL_ADC_Init
 *fill*         0x0800453a        0x2 
 .text.HAL_ADC_Start_DMA
                0x0800453c      0x228 ./Drivers/STM32F4xx_HAL_Driver/Src/stm32f4xx_hal_adc.o
                0x0800453c                HAL_ADC_Start_DMA
 .text.HAL_ADC_ConvHalfCpltCallback
                0x08004764       0x14 ./Drivers/STM32F4xx_HAL_Driver/Src/stm32f4xx_hal_adc.o
                0x08004764                HAL_ADC_ConvHalfCpltCallback
 .text.HAL_ADC_ErrorCallback
                0x08004778       0x14 ./Drivers/STM32F4xx_HAL_Driver/Src/stm32f4xx_hal_adc.o
                0x08004778                HAL_ADC_ErrorCallback
 .text.HAL_ADC_ConfigChannel
                0x0800478c      0x244 ./Drivers/STM32F4xx_HAL_Driver/Src/stm32f4xx_hal_adc.o
                0x0800478c                HAL_ADC_ConfigChannel
 .text.ADC_Init
                0x080049d0      0x1f8 ./Drivers/STM32F4xx_HAL_Driver/Src/stm32f4xx_hal_adc.o
 .text.ADC_DMAConvCplt
                0x08004bc8       0xba ./Drivers/STM32F4xx_HAL_Driver/Src/stm32f4xx_hal_adc.o
 .text.ADC_DMAHalfConvCplt
                0x08004c82       0x1c ./Drivers/STM32F4xx_HAL_Driver/Src/stm32f4xx_hal_adc.o
 .text.ADC_DMAError
                0x08004c9e       0x2e ./Drivers/STM32F4xx_HAL_Driver/Src/stm32f4xx_hal_adc.o
 .text.__NVIC_SetPriorityGrouping
                0x08004ccc       0x48 ./Drivers/STM32F4xx_HAL_Driver/Src/stm32f4xx_hal_cortex.o
 .text.__NVIC_GetPriorityGrouping
                0x08004d14       0x1c ./Drivers/STM32F4xx_HAL_Driver/Src/stm32f4xx_hal_cortex.o
 .text.__NVIC_EnableIRQ
                0x08004d30       0x3c ./Drivers/STM32F4xx_HAL_Driver/Src/stm32f4xx_hal_cortex.o
 .text.__NVIC_SetPriority
                0x08004d6c       0x54 ./Drivers/STM32F4xx_HAL_Driver/Src/stm32f4xx_hal_cortex.o
 .text.NVIC_EncodePriority
                0x08004dc0       0x66 ./Drivers/STM32F4xx_HAL_Driver/Src/stm32f4xx_hal_cortex.o
 *fill*         0x08004e26        0x2 
 .text.SysTick_Config
                0x08004e28       0x44 ./Drivers/STM32F4xx_HAL_Driver/Src/stm32f4xx_hal_cortex.o
 .text.HAL_NVIC_SetPriorityGrouping
                0x08004e6c       0x16 ./Drivers/STM32F4xx_HAL_Driver/Src/stm32f4xx_hal_cortex.o
                0x08004e6c                HAL_NVIC_SetPriorityGrouping
 .text.HAL_NVIC_SetPriority
                0x08004e82       0x38 ./Drivers/STM32F4xx_HAL_Driver/Src/stm32f4xx_hal_cortex.o
                0x08004e82                HAL_NVIC_SetPriority
 .text.HAL_NVIC_EnableIRQ
                0x08004eba       0x1c ./Drivers/STM32F4xx_HAL_Driver/Src/stm32f4xx_hal_cortex.o
                0x08004eba                HAL_NVIC_EnableIRQ
 .text.HAL_SYSTICK_Config
                0x08004ed6       0x18 ./Drivers/STM32F4xx_HAL_Driver/Src/stm32f4xx_hal_cortex.o
                0x08004ed6                HAL_SYSTICK_Config
 *fill*         0x08004eee        0x2 
 .text.HAL_DMA_Init
                0x08004ef0      0x15c ./Drivers/STM32F4xx_HAL_Driver/Src/stm32f4xx_hal_dma.o
                0x08004ef0                HAL_DMA_Init
 .text.HAL_DMA_Start_IT
                0x0800504c       0xb0 ./Drivers/STM32F4xx_HAL_Driver/Src/stm32f4xx_hal_dma.o
                0x0800504c                HAL_DMA_Start_IT
 .text.HAL_DMA_Abort
                0x080050fc       0xe0 ./Drivers/STM32F4xx_HAL_Driver/Src/stm32f4xx_hal_dma.o
                0x080050fc                HAL_DMA_Abort
 .text.HAL_DMA_Abort_IT
                0x080051dc       0x44 ./Drivers/STM32F4xx_HAL_Driver/Src/stm32f4xx_hal_dma.o
                0x080051dc                HAL_DMA_Abort_IT
 .text.HAL_DMA_IRQHandler
                0x08005220      0x314 ./Drivers/STM32F4xx_HAL_Driver/Src/stm32f4xx_hal_dma.o
                0x08005220                HAL_DMA_IRQHandler
 .text.DMA_SetConfig
                0x08005534       0x5c ./Drivers/STM32F4xx_HAL_Driver/Src/stm32f4xx_hal_dma.o
 .text.DMA_CalcBaseAndBitshift
                0x08005590       0x6c ./Drivers/STM32F4xx_HAL_Driver/Src/stm32f4xx_hal_dma.o
 .text.DMA_CheckFifoParam
                0x080055fc       0xf8 ./Drivers/STM32F4xx_HAL_Driver/Src/stm32f4xx_hal_dma.o
 .text.HAL_GPIO_Init
                0x080056f4      0x338 ./Drivers/STM32F4xx_HAL_Driver/Src/stm32f4xx_hal_gpio.o
                0x080056f4                HAL_GPIO_Init
 .text.HAL_GPIO_ReadPin
                0x08005a2c       0x30 ./Drivers/STM32F4xx_HAL_Driver/Src/stm32f4xx_hal_gpio.o
                0x08005a2c                HAL_GPIO_ReadPin
 .text.HAL_GPIO_WritePin
                0x08005a5c       0x32 ./Drivers/STM32F4xx_HAL_Driver/Src/stm32f4xx_hal_gpio.o
                0x08005a5c                HAL_GPIO_WritePin
 *fill*         0x08005a8e        0x2 
 .text.HAL_RCC_OscConfig
                0x08005a90      0x4f0 ./Drivers/STM32F4xx_HAL_Driver/Src/stm32f4xx_hal_rcc.o
                0x08005a90                HAL_RCC_OscConfig
 .text.HAL_RCC_ClockConfig
                0x08005f80      0x1cc ./Drivers/STM32F4xx_HAL_Driver/Src/stm32f4xx_hal_rcc.o
                0x08005f80                HAL_RCC_ClockConfig
 .text.HAL_RCC_GetSysClockFreq
                0x0800614c      0x20c ./Drivers/STM32F4xx_HAL_Driver/Src/stm32f4xx_hal_rcc.o
                0x0800614c                HAL_RCC_GetSysClockFreq
 .text.HAL_RCC_GetHCLKFreq
                0x08006358       0x18 ./Drivers/STM32F4xx_HAL_Driver/Src/stm32f4xx_hal_rcc.o
                0x08006358                HAL_RCC_GetHCLKFreq
 .text.HAL_RCC_GetPCLK1Freq
                0x08006370       0x28 ./Drivers/STM32F4xx_HAL_Driver/Src/stm32f4xx_hal_rcc.o
                0x08006370                HAL_RCC_GetPCLK1Freq
 .text.HAL_RCC_GetPCLK2Freq
                0x08006398       0x28 ./Drivers/STM32F4xx_HAL_Driver/Src/stm32f4xx_hal_rcc.o
                0x08006398                HAL_RCC_GetPCLK2Freq
 .text.HAL_SPI_Init
                0x080063c0      0x112 ./Drivers/STM32F4xx_HAL_Driver/Src/stm32f4xx_hal_spi.o
                0x080063c0                HAL_SPI_Init
 .text.HAL_SPI_Transmit
                0x080064d2      0x288 ./Drivers/STM32F4xx_HAL_Driver/Src/stm32f4xx_hal_spi.o
                0x080064d2                HAL_SPI_Transmit
 .text.HAL_SPI_Receive
                0x0800675a      0x232 ./Drivers/STM32F4xx_HAL_Driver/Src/stm32f4xx_hal_spi.o
                0x0800675a                HAL_SPI_Receive
 .text.HAL_SPI_TransmitReceive
                0x0800698c      0x352 ./Drivers/STM32F4xx_HAL_Driver/Src/stm32f4xx_hal_spi.o
                0x0800698c                HAL_SPI_TransmitReceive
 *fill*         0x08006cde        0x2 
 .text.HAL_SPI_IRQHandler
                0x08006ce0      0x200 ./Drivers/STM32F4xx_HAL_Driver/Src/stm32f4xx_hal_spi.o
                0x08006ce0                HAL_SPI_IRQHandler
 .text.HAL_SPI_ErrorCallback
                0x08006ee0       0x14 ./Drivers/STM32F4xx_HAL_Driver/Src/stm32f4xx_hal_spi.o
                0x08006ee0                HAL_SPI_ErrorCallback
 .text.SPI_DMAAbortOnError
                0x08006ef4       0x28 ./Drivers/STM32F4xx_HAL_Driver/Src/stm32f4xx_hal_spi.o
 .text.SPI_WaitFlagStateUntilTimeout
                0x08006f1c      0x110 ./Drivers/STM32F4xx_HAL_Driver/Src/stm32f4xx_hal_spi.o
 .text.SPI_EndRxTransaction
                0x0800702c       0xca ./Drivers/STM32F4xx_HAL_Driver/Src/stm32f4xx_hal_spi.o
 *fill*         0x080070f6        0x2 
 .text.SPI_EndRxTxTransaction
                0x080070f8       0xa8 ./Drivers/STM32F4xx_HAL_Driver/Src/stm32f4xx_hal_spi.o
 .text.HAL_SRAM_Init
                0x080071a0       0x90 ./Drivers/STM32F4xx_HAL_Driver/Src/stm32f4xx_hal_sram.o
                0x080071a0                HAL_SRAM_Init
 .text.HAL_TIM_Base_Init
                0x08007230       0x9e ./Drivers/STM32F4xx_HAL_Driver/Src/stm32f4xx_hal_tim.o
                0x08007230                HAL_TIM_Base_Init
 *fill*         0x080072ce        0x2 
 .text.HAL_TIM_Base_Start
                0x080072d0       0xd0 ./Drivers/STM32F4xx_HAL_Driver/Src/stm32f4xx_hal_tim.o
                0x080072d0                HAL_TIM_Base_Start
 .text.HAL_TIM_ConfigClockSource
                0x080073a0      0x18e ./Drivers/STM32F4xx_HAL_Driver/Src/stm32f4xx_hal_tim.o
                0x080073a0                HAL_TIM_ConfigClockSource
 *fill*         0x0800752e        0x2 
 .text.TIM_Base_SetConfig
                0x08007530      0x14c ./Drivers/STM32F4xx_HAL_Driver/Src/stm32f4xx_hal_tim.o
                0x08007530                TIM_Base_SetConfig
 .text.TIM_TI1_ConfigInputStage
                0x0800767c       0x5e ./Drivers/STM32F4xx_HAL_Driver/Src/stm32f4xx_hal_tim.o
 .text.TIM_TI2_ConfigInputStage
                0x080076da       0x60 ./Drivers/STM32F4xx_HAL_Driver/Src/stm32f4xx_hal_tim.o
 .text.TIM_ITRx_SetConfig
                0x0800773a       0x36 ./Drivers/STM32F4xx_HAL_Driver/Src/stm32f4xx_hal_tim.o
 .text.TIM_ETR_SetConfig
                0x08007770       0x40 ./Drivers/STM32F4xx_HAL_Driver/Src/stm32f4xx_hal_tim.o
                0x08007770                TIM_ETR_SetConfig
 .text.HAL_TIMEx_MasterConfigSynchronization
                0x080077b0       0xf8 ./Drivers/STM32F4xx_HAL_Driver/Src/stm32f4xx_hal_tim_ex.o
                0x080077b0                HAL_TIMEx_MasterConfigSynchronization
 .text.HAL_UART_Init
                0x080078a8       0xa0 ./Drivers/STM32F4xx_HAL_Driver/Src/stm32f4xx_hal_uart.o
                0x080078a8                HAL_UART_Init
 .text.HAL_UART_Transmit
                0x08007948      0x116 ./Drivers/STM32F4xx_HAL_Driver/Src/stm32f4xx_hal_uart.o
                0x08007948                HAL_UART_Transmit
 .text.HAL_UART_Transmit_IT
                0x08007a5e       0x6c ./Drivers/STM32F4xx_HAL_Driver/Src/stm32f4xx_hal_uart.o
                0x08007a5e                HAL_UART_Transmit_IT
 *fill*         0x08007aca        0x2 
 .text.HAL_UART_IRQHandler
                0x08007acc      0x554 ./Drivers/STM32F4xx_HAL_Driver/Src/stm32f4xx_hal_uart.o
                0x08007acc                HAL_UART_IRQHandler
 .text.HAL_UART_RxCpltCallback
                0x08008020       0x14 ./Drivers/STM32F4xx_HAL_Driver/Src/stm32f4xx_hal_uart.o
                0x08008020                HAL_UART_RxCpltCallback
 .text.HAL_UART_ErrorCallback
                0x08008034       0x14 ./Drivers/STM32F4xx_HAL_Driver/Src/stm32f4xx_hal_uart.o
                0x08008034                HAL_UART_ErrorCallback
 .text.HAL_UARTEx_RxEventCallback
                0x08008048       0x18 ./Drivers/STM32F4xx_HAL_Driver/Src/stm32f4xx_hal_uart.o
                0x08008048                HAL_UARTEx_RxEventCallback
 .text.UART_WaitOnFlagUntilTimeout
                0x08008060       0xb2 ./Drivers/STM32F4xx_HAL_Driver/Src/stm32f4xx_hal_uart.o
 .text.UART_EndRxTransfer
                0x08008112       0xc6 ./Drivers/STM32F4xx_HAL_Driver/Src/stm32f4xx_hal_uart.o
 .text.UART_DMAAbortOnError
                0x080081d8       0x22 ./Drivers/STM32F4xx_HAL_Driver/Src/stm32f4xx_hal_uart.o
 .text.UART_Transmit_IT
                0x080081fa       0xa0 ./Drivers/STM32F4xx_HAL_Driver/Src/stm32f4xx_hal_uart.o
 .text.UART_EndTransmit_IT
                0x0800829a       0x30 ./Drivers/STM32F4xx_HAL_Driver/Src/stm32f4xx_hal_uart.o
 .text.UART_Receive_IT
                0x080082ca      0x17c ./Drivers/STM32F4xx_HAL_Driver/Src/stm32f4xx_hal_uart.o
 *fill*         0x08008446        0x2 
 .text.UART_SetConfig
                0x08008448      0x4e8 ./Drivers/STM32F4xx_HAL_Driver/Src/stm32f4xx_hal_uart.o
 .text.FSMC_NORSRAM_Init
                0x08008930       0xd4 ./Drivers/STM32F4xx_HAL_Driver/Src/stm32f4xx_ll_fsmc.o
                0x08008930                FSMC_NORSRAM_Init
 .text.FSMC_NORSRAM_Timing_Init
                0x08008a04       0x5c ./Drivers/STM32F4xx_HAL_Driver/Src/stm32f4xx_ll_fsmc.o
                0x08008a04                FSMC_NORSRAM_Timing_Init
 .text.FSMC_NORSRAM_Extended_Timing_Init
                0x08008a60       0x70 ./Drivers/STM32F4xx_HAL_Driver/Src/stm32f4xx_ll_fsmc.o
                0x08008a60                FSMC_NORSRAM_Extended_Timing_Init
 .text.makeFreeRtosPriority
                0x08008ad0       0x30 ./Middlewares/Third_Party/FreeRTOS/Source/CMSIS_RTOS/cmsis_os.o
 .text.osKernelStart
                0x08008b00        0xe ./Middlewares/Third_Party/FreeRTOS/Source/CMSIS_RTOS/cmsis_os.o
                0x08008b00                osKernelStart
 .text.osThreadCreate
                0x08008b0e       0x98 ./Middlewares/Third_Party/FreeRTOS/Source/CMSIS_RTOS/cmsis_os.o
                0x08008b0e                osThreadCreate
 .text.osDelay  0x08008ba6       0x28 ./Middlewares/Third_Party/FreeRTOS/Source/CMSIS_RTOS/cmsis_os.o
                0x08008ba6                osDelay
 .text.vListInitialise
                0x08008bce       0x40 ./Middlewares/Third_Party/FreeRTOS/Source/list.o
                0x08008bce                vListInitialise
 .text.vListInitialiseItem
                0x08008c0e       0x1a ./Middlewares/Third_Party/FreeRTOS/Source/list.o
                0x08008c0e                vListInitialiseItem
 .text.vListInsertEnd
                0x08008c28       0x48 ./Middlewares/Third_Party/FreeRTOS/Source/list.o
                0x08008c28                vListInsertEnd
 .text.vListInsert
                0x08008c70       0x72 ./Middlewares/Third_Party/FreeRTOS/Source/list.o
                0x08008c70                vListInsert
 .text.uxListRemove
                0x08008ce2       0x54 ./Middlewares/Third_Party/FreeRTOS/Source/list.o
                0x08008ce2                uxListRemove
 *fill*         0x08008d36        0x2 
 .text.xQueueGenericReset
                0x08008d38       0xd4 ./Middlewares/Third_Party/FreeRTOS/Source/queue.o
                0x08008d38                xQueueGenericReset
 .text.xQueueGenericCreate
                0x08008e0c       0x76 ./Middlewares/Third_Party/FreeRTOS/Source/queue.o
                0x08008e0c                xQueueGenericCreate
 .text.prvInitialiseNewQueue
                0x08008e82       0x3e ./Middlewares/Third_Party/FreeRTOS/Source/queue.o
 .text.prvInitialiseMutex
                0x08008ec0       0x34 ./Middlewares/Third_Party/FreeRTOS/Source/queue.o
 .text.xQueueCreateMutex
                0x08008ef4       0x30 ./Middlewares/Third_Party/FreeRTOS/Source/queue.o
                0x08008ef4                xQueueCreateMutex
 .text.xQueueCreateCountingSemaphore
                0x08008f24       0x6a ./Middlewares/Third_Party/FreeRTOS/Source/queue.o
                0x08008f24                xQueueCreateCountingSemaphore
 *fill*         0x08008f8e        0x2 
 .text.xQueueGenericSend
                0x08008f90      0x204 ./Middlewares/Third_Party/FreeRTOS/Source/queue.o
                0x08008f90                xQueueGenericSend
 .text.xQueueGiveFromISR
                0x08009194      0x120 ./Middlewares/Third_Party/FreeRTOS/Source/queue.o
                0x08009194                xQueueGiveFromISR
 .text.xQueueReceive
                0x080092b4      0x1c4 ./Middlewares/Third_Party/FreeRTOS/Source/queue.o
                0x080092b4                xQueueReceive
 .text.xQueueSemaphoreTake
                0x08009478      0x220 ./Middlewares/Third_Party/FreeRTOS/Source/queue.o
                0x08009478                xQueueSemaphoreTake
 .text.prvGetDisinheritPriorityAfterTimeout
                0x08009698       0x30 ./Middlewares/Third_Party/FreeRTOS/Source/queue.o
 .text.prvCopyDataToQueue
                0x080096c8       0xd4 ./Middlewares/Third_Party/FreeRTOS/Source/queue.o
 .text.prvCopyDataFromQueue
                0x0800979c       0x4c ./Middlewares/Third_Party/FreeRTOS/Source/queue.o
 .text.prvUnlockQueue
                0x080097e8       0xa4 ./Middlewares/Third_Party/FreeRTOS/Source/queue.o
 .text.prvIsQueueEmpty
                0x0800988c       0x2c ./Middlewares/Third_Party/FreeRTOS/Source/queue.o
 .text.prvIsQueueFull
                0x080098b8       0x30 ./Middlewares/Third_Party/FreeRTOS/Source/queue.o
 .text.xTaskCreateStatic
                0x080098e8       0xc0 ./Middlewares/Third_Party/FreeRTOS/Source/tasks.o
                0x080098e8                xTaskCreateStatic
 .text.xTaskCreate
                0x080099a8       0x8a ./Middlewares/Third_Party/FreeRTOS/Source/tasks.o
                0x080099a8                xTaskCreate
 .text.prvInitialiseNewTask
                0x08009a32      0x110 ./Middlewares/Third_Party/FreeRTOS/Source/tasks.o
 *fill*         0x08009b42        0x2 
 .text.prvAddNewTaskToReadyList
                0x08009b44       0xd4 ./Middlewares/Third_Party/FreeRTOS/Source/tasks.o
 .text.vTaskDelay
                0x08009c18       0x6c ./Middlewares/Third_Party/FreeRTOS/Source/tasks.o
                0x08009c18                vTaskDelay
 .text.vTaskStartScheduler
                0x08009c84       0xc4 ./Middlewares/Third_Party/FreeRTOS/Source/tasks.o
                0x08009c84                vTaskStartScheduler
 .text.vTaskSuspendAll
                0x08009d48       0x1c ./Middlewares/Third_Party/FreeRTOS/Source/tasks.o
                0x08009d48                vTaskSuspendAll
 .text.xTaskResumeAll
                0x08009d64      0x13c ./Middlewares/Third_Party/FreeRTOS/Source/tasks.o
                0x08009d64                xTaskResumeAll
 .text.xTaskIncrementTick
                0x08009ea0      0x174 ./Middlewares/Third_Party/FreeRTOS/Source/tasks.o
                0x08009ea0                xTaskIncrementTick
 .text.vTaskSwitchContext
                0x0800a014       0xb8 ./Middlewares/Third_Party/FreeRTOS/Source/tasks.o
                0x0800a014                vTaskSwitchContext
 .text.vTaskPlaceOnEventList
                0x0800a0cc       0x4c ./Middlewares/Third_Party/FreeRTOS/Source/tasks.o
                0x0800a0cc                vTaskPlaceOnEventList
 .text.xTaskRemoveFromEventList
                0x0800a118       0xc8 ./Middlewares/Third_Party/FreeRTOS/Source/tasks.o
                0x0800a118                xTaskRemoveFromEventList
 .text.vTaskInternalSetTimeOutState
                0x0800a1e0       0x2c ./Middlewares/Third_Party/FreeRTOS/Source/tasks.o
                0x0800a1e0                vTaskInternalSetTimeOutState
 .text.xTaskCheckForTimeOut
                0x0800a20c       0xc8 ./Middlewares/Third_Party/FreeRTOS/Source/tasks.o
                0x0800a20c                xTaskCheckForTimeOut
 .text.vTaskMissedYield
                0x0800a2d4       0x18 ./Middlewares/Third_Party/FreeRTOS/Source/tasks.o
                0x0800a2d4                vTaskMissedYield
 .text.prvIdleTask
                0x0800a2ec       0x30 ./Middlewares/Third_Party/FreeRTOS/Source/tasks.o
 .text.prvInitialiseTaskLists
                0x0800a31c       0x80 ./Middlewares/Third_Party/FreeRTOS/Source/tasks.o
 .text.prvCheckTasksWaitingTermination
                0x0800a39c       0x5c ./Middlewares/Third_Party/FreeRTOS/Source/tasks.o
 .text.prvDeleteTCB
                0x0800a3f8       0x60 ./Middlewares/Third_Party/FreeRTOS/Source/tasks.o
 .text.prvResetNextTaskUnblockTime
                0x0800a458       0x40 ./Middlewares/Third_Party/FreeRTOS/Source/tasks.o
 .text.xTaskGetSchedulerState
                0x0800a498       0x3c ./Middlewares/Third_Party/FreeRTOS/Source/tasks.o
                0x0800a498                xTaskGetSchedulerState
 .text.xTaskPriorityInherit
                0x0800a4d4       0xec ./Middlewares/Third_Party/FreeRTOS/Source/tasks.o
                0x0800a4d4                xTaskPriorityInherit
 .text.xTaskPriorityDisinherit
                0x0800a5c0      0x110 ./Middlewares/Third_Party/FreeRTOS/Source/tasks.o
                0x0800a5c0                xTaskPriorityDisinherit
 .text.vTaskPriorityDisinheritAfterTimeout
                0x0800a6d0      0x120 ./Middlewares/Third_Party/FreeRTOS/Source/tasks.o
                0x0800a6d0                vTaskPriorityDisinheritAfterTimeout
 .text.pvTaskIncrementMutexHeldCount
                0x0800a7f0       0x28 ./Middlewares/Third_Party/FreeRTOS/Source/tasks.o
                0x0800a7f0                pvTaskIncrementMutexHeldCount
 .text.prvAddCurrentTaskToDelayedList
                0x0800a818       0xcc ./Middlewares/Third_Party/FreeRTOS/Source/tasks.o
 .text.pxPortInitialiseStack
                0x0800a8e4       0x68 ./Middlewares/Third_Party/FreeRTOS/Source/portable/GCC/ARM_CM4F/port.o
                0x0800a8e4                pxPortInitialiseStack
 .text.prvTaskExitError
                0x0800a94c       0x5c ./Middlewares/Third_Party/FreeRTOS/Source/portable/GCC/ARM_CM4F/port.o
 *fill*         0x0800a9a8        0x8 
 .text.SVC_Handler
                0x0800a9b0       0x28 ./Middlewares/Third_Party/FreeRTOS/Source/portable/GCC/ARM_CM4F/port.o
                0x0800a9b0                SVC_Handler
 .text.prvPortStartFirstTask
                0x0800a9d8       0x28 ./Middlewares/Third_Party/FreeRTOS/Source/portable/GCC/ARM_CM4F/port.o
 .text.xPortStartScheduler
                0x0800aa00      0x148 ./Middlewares/Third_Party/FreeRTOS/Source/portable/GCC/ARM_CM4F/port.o
                0x0800aa00                xPortStartScheduler
 .text.vPortEnterCritical
                0x0800ab48       0x64 ./Middlewares/Third_Party/FreeRTOS/Source/portable/GCC/ARM_CM4F/port.o
                0x0800ab48                vPortEnterCritical
 .text.vPortExitCritical
                0x0800abac       0x54 ./Middlewares/Third_Party/FreeRTOS/Source/portable/GCC/ARM_CM4F/port.o
                0x0800abac                vPortExitCritical
 .text.PendSV_Handler
                0x0800ac00       0x68 ./Middlewares/Third_Party/FreeRTOS/Source/portable/GCC/ARM_CM4F/port.o
                0x0800ac00                PendSV_Handler
 .text.xPortSysTickHandler
                0x0800ac68       0x44 ./Middlewares/Third_Party/FreeRTOS/Source/portable/GCC/ARM_CM4F/port.o
                0x0800ac68                xPortSysTickHandler
 .text.vPortSetupTimerInterrupt
                0x0800acac       0x48 ./Middlewares/Third_Party/FreeRTOS/Source/portable/GCC/ARM_CM4F/port.o
                0x0800acac                vPortSetupTimerInterrupt
 .text.vPortEnableVFP
                0x0800acf4       0x14 ./Middlewares/Third_Party/FreeRTOS/Source/portable/GCC/ARM_CM4F/port.o
 .text.vPortValidateInterruptPriority
                0x0800ad08       0x84 ./Middlewares/Third_Party/FreeRTOS/Source/portable/GCC/ARM_CM4F/port.o
                0x0800ad08                vPortValidateInterruptPriority
 .text.pvPortMalloc
                0x0800ad8c      0x19c ./Middlewares/Third_Party/FreeRTOS/Source/portable/MemMang/heap_4.o
                0x0800ad8c                pvPortMalloc
 .text.vPortFree
                0x0800af28       0xc8 ./Middlewares/Third_Party/FreeRTOS/Source/portable/MemMang/heap_4.o
                0x0800af28                vPortFree
 .text.prvHeapInit
                0x0800aff0       0xc4 ./Middlewares/Third_Party/FreeRTOS/Source/portable/MemMang/heap_4.o
 .text.prvInsertBlockIntoFreeList
                0x0800b0b4       0xb4 ./Middlewares/Third_Party/FreeRTOS/Source/portable/MemMang/heap_4.o
 .text.memset   0x0800b168       0x10 C:/ST/STM32CubeIDE_2.1.1/STM32CubeIDE/plugins/com.st.stm32cube.ide.mcu.externaltools.gnu-tools-for-stm32.14.3.rel1.win32_1.0.100.202602081740/tools/bin/../lib/gcc/arm-none-eabi/14.3.1/../../../../arm-none-eabi/lib/thumb/v7e-m+fp/hard\libc_nano.a(libc_a-memset.o)
                0x0800b168                memset
 .text.__errno  0x0800b178        0xc C:/ST/STM32CubeIDE_2.1.1/STM32CubeIDE/plugins/com.st.stm32cube.ide.mcu.externaltools.gnu-tools-for-stm32.14.3.rel1.win32_1.0.100.202602081740/tools/bin/../lib/gcc/arm-none-eabi/14.3.1/../../../../arm-none-eabi/lib/thumb/v7e-m+fp/hard\libc_nano.a(libc_a-errno.o)
                0x0800b178                __errno
 .text.__libc_init_array
                0x0800b184       0x48 C:/ST/STM32CubeIDE_2.1.1/STM32CubeIDE/plugins/com.st.stm32cube.ide.mcu.externaltools.gnu-tools-for-stm32.14.3.rel1.win32_1.0.100.202602081740/tools/bin/../lib/gcc/arm-none-eabi/14.3.1/../../../../arm-none-eabi/lib/thumb/v7e-m+fp/hard\libc_nano.a(libc_a-init.o)
                0x0800b184                __libc_init_array
 .text.memcpy   0x0800b1cc       0x1c C:/ST/STM32CubeIDE_2.1.1/STM32CubeIDE/plugins/com.st.stm32cube.ide.mcu.externaltools.gnu-tools-for-stm32.14.3.rel1.win32_1.0.100.202602081740/tools/bin/../lib/gcc/arm-none-eabi/14.3.1/../../../../arm-none-eabi/lib/thumb/v7e-m+fp/hard\libc_nano.a(libc_a-memcpy-stub.o)
                0x0800b1cc                memcpy
 .text.log10f   0x0800b1e8       0x60 C:/ST/STM32CubeIDE_2.1.1/STM32CubeIDE/plugins/com.st.stm32cube.ide.mcu.externaltools.gnu-tools-for-stm32.14.3.rel1.win32_1.0.100.202602081740/tools/bin/../lib/gcc/arm-none-eabi/14.3.1/../../../../arm-none-eabi/lib/thumb/v7e-m+fp/hard\libm.a(libm_a-wf_log10.o)
                0x0800b1e8                log10f
 .text.sqrtf    0x0800b248       0x44 C:/ST/STM32CubeIDE_2.1.1/STM32CubeIDE/plugins/com.st.stm32cube.ide.mcu.externaltools.gnu-tools-for-stm32.14.3.rel1.win32_1.0.100.202602081740/tools/bin/../lib/gcc/arm-none-eabi/14.3.1/../../../../arm-none-eabi/lib/thumb/v7e-m+fp/hard\libm.a(libm_a-wf_sqrt.o)
                0x0800b248                sqrtf
 .text.nanf     0x0800b28c        0xc C:/ST/STM32CubeIDE_2.1.1/STM32CubeIDE/plugins/com.st.stm32cube.ide.mcu.externaltools.gnu-tools-for-stm32.14.3.rel1.win32_1.0.100.202602081740/tools/bin/../lib/gcc/arm-none-eabi/14.3.1/../../../../arm-none-eabi/lib/thumb/v7e-m+fp/hard\libm.a(libm_a-sf_nan.o)
                0x0800b28c                nanf
 .text.__ieee754_sqrtf
                0x0800b298        0x8 C:/ST/STM32CubeIDE_2.1.1/STM32CubeIDE/plugins/com.st.stm32cube.ide.mcu.externaltools.gnu-tools-for-stm32.14.3.rel1.win32_1.0.100.202602081740/tools/bin/../lib/gcc/arm-none-eabi/14.3.1/../../../../arm-none-eabi/lib/thumb/v7e-m+fp/hard\libm.a(libm_a-ef_sqrt.o)
                0x0800b298                __ieee754_sqrtf
 .text.__ieee754_log10f
                0x0800b2a0       0xc4 C:/ST/STM32CubeIDE_2.1.1/STM32CubeIDE/plugins/com.st.stm32cube.ide.mcu.externaltools.gnu-tools-for-stm32.14.3.rel1.win32_1.0.100.202602081740/tools/bin/../lib/gcc/arm-none-eabi/14.3.1/../../../../arm-none-eabi/lib/thumb/v7e-m+fp/hard\libm.a(libm_a-ef_log10.o)
                0x0800b2a0                __ieee754_log10f
 .text.__ieee754_logf
                0x0800b364      0x1f4 C:/ST/STM32CubeIDE_2.1.1/STM32CubeIDE/plugins/com.st.stm32cube.ide.mcu.externaltools.gnu-tools-for-stm32.14.3.rel1.win32_1.0.100.202602081740/tools/bin/../lib/gcc/arm-none-eabi/14.3.1/../../../../arm-none-eabi/lib/thumb/v7e-m+fp/hard\libm.a(libm_a-ef_log.o)
                0x0800b364                __ieee754_logf
 *(.glue_7)
 .glue_7        0x0800b558        0x0 linker stubs
 *(.glue_7t)
 .glue_7t       0x0800b558        0x0 linker stubs
 *(.eh_frame)
 .eh_frame      0x0800b558        0x0 C:/ST/STM32CubeIDE_2.1.1/STM32CubeIDE/plugins/com.st.stm32cube.ide.mcu.externaltools.gnu-tools-for-stm32.14.3.rel1.win32_1.0.100.202602081740/tools/bin/../lib/gcc/arm-none-eabi/14.3.1/thumb/v7e-m+fp/hard/crtbegin.o
 *(.init)
 .init          0x0800b558        0x4 C:/ST/STM32CubeIDE_2.1.1/STM32CubeIDE/plugins/com.st.stm32cube.ide.mcu.externaltools.gnu-tools-for-stm32.14.3.rel1.win32_1.0.100.202602081740/tools/bin/../lib/gcc/arm-none-eabi/14.3.1/thumb/v7e-m+fp/hard/crti.o
                0x0800b558                _init
 .init          0x0800b55c        0x8 C:/ST/STM32CubeIDE_2.1.1/STM32CubeIDE/plugins/com.st.stm32cube.ide.mcu.externaltools.gnu-tools-for-stm32.14.3.rel1.win32_1.0.100.202602081740/tools/bin/../lib/gcc/arm-none-eabi/14.3.1/thumb/v7e-m+fp/hard/crtn.o
 *(.fini)
 .fini          0x0800b564        0x4 C:/ST/STM32CubeIDE_2.1.1/STM32CubeIDE/plugins/com.st.stm32cube.ide.mcu.externaltools.gnu-tools-for-stm32.14.3.rel1.win32_1.0.100.202602081740/tools/bin/../lib/gcc/arm-none-eabi/14.3.1/thumb/v7e-m+fp/hard/crti.o
                0x0800b564                _fini
 .fini          0x0800b568        0x8 C:/ST/STM32CubeIDE_2.1.1/STM32CubeIDE/plugins/com.st.stm32cube.ide.mcu.externaltools.gnu-tools-for-stm32.14.3.rel1.win32_1.0.100.202602081740/tools/bin/../lib/gcc/arm-none-eabi/14.3.1/thumb/v7e-m+fp/hard/crtn.o
                0x0800b570                        . = ALIGN (0x4)
                0x0800b570                        _etext = .

.vfp11_veneer   0x0800b570        0x0
 .vfp11_veneer  0x0800b570        0x0 linker stubs

.v4_bx          0x0800b570        0x0
 .v4_bx         0x0800b570        0x0 linker stubs

.iplt           0x0800b570        0x0
 .iplt          0x0800b570        0x0 C:/ST/STM32CubeIDE_2.1.1/STM32CubeIDE/plugins/com.st.stm32cube.ide.mcu.externaltools.gnu-tools-for-stm32.14.3.rel1.win32_1.0.100.202602081740/tools/bin/../lib/gcc/arm-none-eabi/14.3.1/thumb/v7e-m+fp/hard/crtbegin.o

.rodata         0x0800b570     0xa7f8
                0x0800b570                        . = ALIGN (0x4)
 *(.rodata)
 .rodata        0x0800b570        0xd ./Core/Src/app_tasks.o
 *fill*         0x0800b57d        0x3 
 .rodata        0x0800b580       0x28 ./Core/Src/freertos.o
 .rodata        0x0800b5a8       0x29 ./Core/Src/main.o
 *fill*         0x0800b5d1        0x3 
 .rodata        0x0800b5d4       0x3a ./Core/Src/touch_panel.o
 *fill*         0x0800b60e        0x2 
 .rodata        0x0800b610        0x5 ./Middlewares/Third_Party/FreeRTOS/Source/tasks.o
 *(.rodata*)
 *fill*         0x0800b615        0x3 
 .rodata.Font12_Table
                0x0800b618      0x474 ./Core/Src/font12.o
                0x0800b618                Font12_Table
 .rodata.Font24_Table
                0x0800ba8c     0x1ab8 ./Core/Src/font24.o
                0x0800ba8c                Font24_Table
 .rodata.AHBPrescTable
                0x0800d544       0x10 ./Core/Src/system_stm32f4xx.o
                0x0800d544                AHBPrescTable
 .rodata.APBPrescTable
                0x0800d554        0x8 ./Core/Src/system_stm32f4xx.o
                0x0800d554                APBPrescTable
 .rodata.armBitRevTable
                0x0800d55c      0x800 ./Drivers/CMSIS/DSP/Source/CommonTables/arm_common_tables.o
                0x0800d55c                armBitRevTable
 .rodata.twiddleCoef_4096
                0x0800dd5c     0x8000 ./Drivers/CMSIS/DSP/Source/CommonTables/arm_common_tables.o
                0x0800dd5c                twiddleCoef_4096
 .rodata.flagBitshiftOffset.0
                0x08015d5c        0x8 ./Drivers/STM32F4xx_HAL_Driver/Src/stm32f4xx_hal_dma.o
 .rodata.log10f.str1.4
                0x08015d64        0x1 C:/ST/STM32CubeIDE_2.1.1/STM32CubeIDE/plugins/com.st.stm32cube.ide.mcu.externaltools.gnu-tools-for-stm32.14.3.rel1.win32_1.0.100.202602081740/tools/bin/../lib/gcc/arm-none-eabi/14.3.1/../../../../arm-none-eabi/lib/thumb/v7e-m+fp/hard\libm.a(libm_a-wf_log10.o)
                0x08015d68                        . = ALIGN (0x4)
 *fill*         0x08015d65        0x3 

.ARM.extab      0x08015d68        0x0
                0x08015d68                        . = ALIGN (0x4)
 *(.ARM.extab* .gnu.linkonce.armextab.*)
                0x08015d68                        . = ALIGN (0x4)

.ARM            0x08015d68        0x8
                0x08015d68                        . = ALIGN (0x4)
                0x08015d68                        __exidx_start = .
 *(.ARM.exidx*)
 .ARM.exidx     0x08015d68        0x8 C:/ST/STM32CubeIDE_2.1.1/STM32CubeIDE/plugins/com.st.stm32cube.ide.mcu.externaltools.gnu-tools-for-stm32.14.3.rel1.win32_1.0.100.202602081740/tools/bin/../lib/gcc/arm-none-eabi/14.3.1/thumb/v7e-m+fp/hard\libgcc.a(_udivmoddi4.o)
                0x08015d70                        __exidx_end = .
                0x08015d70                        . = ALIGN (0x4)

.preinit_array  0x08015d70        0x0
                0x08015d70                        . = ALIGN (0x4)
                0x08015d70                        PROVIDE (__preinit_array_start = .)
 *(.preinit_array*)
                0x08015d70                        PROVIDE (__preinit_array_end = .)
                0x08015d70                        . = ALIGN (0x4)

.init_array     0x08015d70        0x4
                0x08015d70                        . = ALIGN (0x4)
                0x08015d70                        PROVIDE (__init_array_start = .)
 *(SORT_BY_NAME(.init_array.*))
 *(.init_array*)
 .init_array    0x08015d70        0x4 C:/ST/STM32CubeIDE_2.1.1/STM32CubeIDE/plugins/com.st.stm32cube.ide.mcu.externaltools.gnu-tools-for-stm32.14.3.rel1.win32_1.0.100.202602081740/tools/bin/../lib/gcc/arm-none-eabi/14.3.1/thumb/v7e-m+fp/hard/crtbegin.o
                0x08015d74                        PROVIDE (__init_array_end = .)
                0x08015d74                        . = ALIGN (0x4)

.fini_array     0x08015d74        0x4
                0x08015d74                        . = ALIGN (0x4)
                [!provide]                        PROVIDE (__fini_array_start = .)
 *(SORT_BY_NAME(.fini_array.*))
 *(.fini_array*)
 .fini_array    0x08015d74        0x4 C:/ST/STM32CubeIDE_2.1.1/STM32CubeIDE/plugins/com.st.stm32cube.ide.mcu.externaltools.gnu-tools-for-stm32.14.3.rel1.win32_1.0.100.202602081740/tools/bin/../lib/gcc/arm-none-eabi/14.3.1/thumb/v7e-m+fp/hard/crtbegin.o
                [!provide]                        PROVIDE (__fini_array_end = .)
                0x08015d78                        . = ALIGN (0x4)
                0x08015d78                        _sidata = LOADADDR (.data)

.rel.dyn        0x08015d78        0x0
 .rel.iplt      0x08015d78        0x0 C:/ST/STM32CubeIDE_2.1.1/STM32CubeIDE/plugins/com.st.stm32cube.ide.mcu.externaltools.gnu-tools-for-stm32.14.3.rel1.win32_1.0.100.202602081740/tools/bin/../lib/gcc/arm-none-eabi/14.3.1/thumb/v7e-m+fp/hard/crtbegin.o

.data           0x20000000       0xb8 load address 0x08015d78
                0x20000000                        . = ALIGN (0x4)
                0x20000000                        _sdata = .
 *(.data)
 *(.data*)
 .data.Font12   0x20000000        0x8 ./Core/Src/font12.o
                0x20000000                Font12
 .data.Font24   0x20000008        0x8 ./Core/Src/font24.o
                0x20000008                Font24
 .data.ili9325_drv
                0x20000010       0x3c ./Core/Src/ili9325.o
                0x20000010                ili9325_drv
 .data.SystemCoreClock
                0x2000004c        0x4 ./Core/Src/system_stm32f4xx.o
                0x2000004c                SystemCoreClock
 .data.DisplaySample
                0x20000050        0xc ./Core/Src/touch_panel.o
                0x20000050                DisplaySample
 .data.uwTickPrio
                0x2000005c        0x4 ./Drivers/STM32F4xx_HAL_Driver/Src/stm32f4xx_hal.o
                0x2000005c                uwTickPrio
 .data.uwTickFreq
                0x20000060        0x1 ./Drivers/STM32F4xx_HAL_Driver/Src/stm32f4xx_hal.o
                0x20000060                uwTickFreq
 *fill*         0x20000061        0x3 
 .data.uxCriticalNesting
                0x20000064        0x4 ./Middlewares/Third_Party/FreeRTOS/Source/portable/GCC/ARM_CM4F/port.o
 .data._impure_ptr
                0x20000068        0x4 C:/ST/STM32CubeIDE_2.1.1/STM32CubeIDE/plugins/com.st.stm32cube.ide.mcu.externaltools.gnu-tools-for-stm32.14.3.rel1.win32_1.0.100.202602081740/tools/bin/../lib/gcc/arm-none-eabi/14.3.1/../../../../arm-none-eabi/lib/thumb/v7e-m+fp/hard\libc_nano.a(libc_a-impure.o)
                0x20000068                _impure_ptr
 .data._impure_data
                0x2000006c       0x4c C:/ST/STM32CubeIDE_2.1.1/STM32CubeIDE/plugins/com.st.stm32cube.ide.mcu.externaltools.gnu-tools-for-stm32.14.3.rel1.win32_1.0.100.202602081740/tools/bin/../lib/gcc/arm-none-eabi/14.3.1/../../../../arm-none-eabi/lib/thumb/v7e-m+fp/hard\libc_nano.a(libc_a-impure.o)
                0x2000006c                _impure_data
 *(.RamFunc)
 *(.RamFunc*)
                0x200000b8                        . = ALIGN (0x4)
                0x200000b8                        _edata = .
                0x08015e30                        _siccmram = LOADADDR (.ccmram)

.igot.plt       0x200000b8        0x0 load address 0x08015e30
 .igot.plt      0x200000b8        0x0 C:/ST/STM32CubeIDE_2.1.1/STM32CubeIDE/plugins/com.st.stm32cube.ide.mcu.externaltools.gnu-tools-for-stm32.14.3.rel1.win32_1.0.100.202602081740/tools/bin/../lib/gcc/arm-none-eabi/14.3.1/thumb/v7e-m+fp/hard/crtbegin.o

.ccmram         0x10000000        0x0 load address 0x08015e30
                0x10000000                        . = ALIGN (0x4)
                0x10000000                        _sccmram = .
 *(.ccmram)
 *(.ccmram*)
                0x10000000                        . = ALIGN (0x4)
                0x10000000                        _eccmram = .
                0x10000000                        . = ALIGN (0x4)

.bss            0x200000b8     0x7060
                0x200000b8                        _sbss = .
                0x200000b8                        __bss_start__ = _sbss
 *(.bss)
 .bss           0x200000b8       0x1c C:/ST/STM32CubeIDE_2.1.1/STM32CubeIDE/plugins/com.st.stm32cube.ide.mcu.externaltools.gnu-tools-for-stm32.14.3.rel1.win32_1.0.100.202602081740/tools/bin/../lib/gcc/arm-none-eabi/14.3.1/thumb/v7e-m+fp/hard/crtbegin.o
 *(.bss*)
 .bss.hadc1     0x200000d4       0x48 ./Core/Src/adc.o
                0x200000d4                hadc1
 .bss.hdma_adc1
                0x2000011c       0x60 ./Core/Src/adc.o
                0x2000011c                hdma_adc1
 .bss.sampleTickSem
                0x2000017c        0x4 ./Core/Src/app_tasks.o
 .bss.fftQueue  0x20000180        0x4 ./Core/Src/app_tasks.o
 .bss.uartReadySem
                0x20000184        0x4 ./Core/Src/app_tasks.o
 .bss.uartTxDoneSem
                0x20000188        0x4 ./Core/Src/app_tasks.o
 .bss.lcdMutex  0x2000018c        0x4 ./Core/Src/app_tasks.o
 .bss.dataMutex
                0x20000190        0x4 ./Core/Src/app_tasks.o
 .bss.adcBuf    0x20000194     0x1000 ./Core/Src/app_tasks.o
 .bss.fftMag    0x20001194      0x400 ./Core/Src/app_tasks.o
 .bss.rawBytes  0x20001594      0x100 ./Core/Src/app_tasks.o
 .bss.hAdcTask  0x20001694        0x4 ./Core/Src/app_tasks.o
 .bss.hFftTask  0x20001698        0x4 ./Core/Src/app_tasks.o
 .bss.hUartTask
                0x2000169c        0x4 ./Core/Src/app_tasks.o
 .bss.mag.5     0x200016a0      0x400 ./Core/Src/app_tasks.o
 .bss.prevMag.4
                0x20001aa0      0x400 ./Core/Src/app_tasks.o
 .bss.localRaw.3
                0x20001ea0      0x100 ./Core/Src/app_tasks.o
 .bss.localMag.2
                0x20001fa0      0x400 ./Core/Src/app_tasks.o
 .bss.txRaw.1   0x200023a0      0x105 ./Core/Src/app_tasks.o
 *fill*         0x200024a5        0x3 
 .bss.txFft.0   0x200024a8      0x405 ./Core/Src/app_tasks.o
 *fill*         0x200028ad        0x3 
 .bss.defaultTaskHandle
                0x200028b0        0x4 ./Core/Src/freertos.o
                0x200028b0                defaultTaskHandle
 .bss.xIdleTaskTCBBuffer
                0x200028b4       0x54 ./Core/Src/freertos.o
 .bss.xIdleStack
                0x20002908      0x200 ./Core/Src/freertos.o
 .bss.hsram1    0x20002b08       0x50 ./Core/Src/fsmc.o
                0x20002b08                hsram1
 .bss.FSMC_Initialized
                0x20002b58        0x4 ./Core/Src/fsmc.o
 .bss.ArrayRGB  0x20002b5c      0x280 ./Core/Src/ili9325.o
 .bss.AdcVal    0x20002ddc        0x1 ./Core/Src/main.o
                0x20002ddc                AdcVal
 *fill*         0x20002ddd        0x3 
 .bss.DrawProp  0x20002de0        0xc ./Core/Src/openx07v_c_lcd.o
                0x20002de0                DrawProp
 .bss.lcd_drv   0x20002dec        0x4 ./Core/Src/openx07v_c_lcd.o
 .bss.bitmap    0x20002df0      0x366 ./Core/Src/openx07v_c_lcd.o
 *fill*         0x20003156        0x2 
 .bss.hspi2     0x20003158       0x58 ./Core/Src/spi.o
                0x20003158                hspi2
 .bss.htim3     0x200031b0       0x48 ./Core/Src/tim.o
                0x200031b0                htim3
 .bss.matrix    0x200031f8       0x38 ./Core/Src/touch_panel.o
                0x200031f8                matrix
 .bss.ScreenSample
                0x20003230        0xc ./Core/Src/touch_panel.o
                0x20003230                ScreenSample
 .bss.screen.0  0x2000323c        0x4 ./Core/Src/touch_panel.o
 .bss.huart3    0x20003240       0x48 ./Core/Src/usart.o
                0x20003240                huart3
 .bss.uwTick    0x20003288        0x4 ./Drivers/STM32F4xx_HAL_Driver/Src/stm32f4xx_hal.o
                0x20003288                uwTick
 .bss.pxCurrentTCB
                0x2000328c        0x4 ./Middlewares/Third_Party/FreeRTOS/Source/tasks.o
                0x2000328c                pxCurrentTCB
 .bss.pxReadyTasksLists
                0x20003290       0x8c ./Middlewares/Third_Party/FreeRTOS/Source/tasks.o
 .bss.xDelayedTaskList1
                0x2000331c       0x14 ./Middlewares/Third_Party/FreeRTOS/Source/tasks.o
 .bss.xDelayedTaskList2
                0x20003330       0x14 ./Middlewares/Third_Party/FreeRTOS/Source/tasks.o
 .bss.pxDelayedTaskList
                0x20003344        0x4 ./Middlewares/Third_Party/FreeRTOS/Source/tasks.o
 .bss.pxOverflowDelayedTaskList
                0x20003348        0x4 ./Middlewares/Third_Party/FreeRTOS/Source/tasks.o
 .bss.xPendingReadyList
                0x2000334c       0x14 ./Middlewares/Third_Party/FreeRTOS/Source/tasks.o
 .bss.xTasksWaitingTermination
                0x20003360       0x14 ./Middlewares/Third_Party/FreeRTOS/Source/tasks.o
 .bss.uxDeletedTasksWaitingCleanUp
                0x20003374        0x4 ./Middlewares/Third_Party/FreeRTOS/Source/tasks.o
 .bss.xSuspendedTaskList
                0x20003378       0x14 ./Middlewares/Third_Party/FreeRTOS/Source/tasks.o
 .bss.uxCurrentNumberOfTasks
                0x2000338c        0x4 ./Middlewares/Third_Party/FreeRTOS/Source/tasks.o
 .bss.xTickCount
                0x20003390        0x4 ./Middlewares/Third_Party/FreeRTOS/Source/tasks.o
 .bss.uxTopReadyPriority
                0x20003394        0x4 ./Middlewares/Third_Party/FreeRTOS/Source/tasks.o
 .bss.xSchedulerRunning
                0x20003398        0x4 ./Middlewares/Third_Party/FreeRTOS/Source/tasks.o
 .bss.xPendedTicks
                0x2000339c        0x4 ./Middlewares/Third_Party/FreeRTOS/Source/tasks.o
 .bss.xYieldPending
                0x200033a0        0x4 ./Middlewares/Third_Party/FreeRTOS/Source/tasks.o
 .bss.xNumOfOverflows
                0x200033a4        0x4 ./Middlewares/Third_Party/FreeRTOS/Source/tasks.o
 .bss.uxTaskNumber
                0x200033a8        0x4 ./Middlewares/Third_Party/FreeRTOS/Source/tasks.o
 .bss.xNextTaskUnblockTime
                0x200033ac        0x4 ./Middlewares/Third_Party/FreeRTOS/Source/tasks.o
 .bss.xIdleTaskHandle
                0x200033b0        0x4 ./Middlewares/Third_Party/FreeRTOS/Source/tasks.o
 .bss.uxSchedulerSuspended
                0x200033b4        0x4 ./Middlewares/Third_Party/FreeRTOS/Source/tasks.o
 .bss.ucMaxSysCallPriority
                0x200033b8        0x1 ./Middlewares/Third_Party/FreeRTOS/Source/portable/GCC/ARM_CM4F/port.o
 *fill*         0x200033b9        0x3 
 .bss.ulMaxPRIGROUPValue
                0x200033bc        0x4 ./Middlewares/Third_Party/FreeRTOS/Source/portable/GCC/ARM_CM4F/port.o
 .bss.ucHeap    0x200033c0     0x3c00 ./Middlewares/Third_Party/FreeRTOS/Source/portable/MemMang/heap_4.o
 .bss.xStart    0x20006fc0        0x8 ./Middlewares/Third_Party/FreeRTOS/Source/portable/MemMang/heap_4.o
 .bss.pxEnd     0x20006fc8        0x4 ./Middlewares/Third_Party/FreeRTOS/Source/portable/MemMang/heap_4.o
 .bss.xFreeBytesRemaining
                0x20006fcc        0x4 ./Middlewares/Third_Party/FreeRTOS/Source/portable/MemMang/heap_4.o
 .bss.xMinimumEverFreeBytesRemaining
                0x20006fd0        0x4 ./Middlewares/Third_Party/FreeRTOS/Source/portable/MemMang/heap_4.o
 .bss.xNumberOfSuccessfulAllocations
                0x20006fd4        0x4 ./Middlewares/Third_Party/FreeRTOS/Source/portable/MemMang/heap_4.o
 .bss.xNumberOfSuccessfulFrees
                0x20006fd8        0x4 ./Middlewares/Third_Party/FreeRTOS/Source/portable/MemMang/heap_4.o
 .bss.xBlockAllocatedBit
                0x20006fdc        0x4 ./Middlewares/Third_Party/FreeRTOS/Source/portable/MemMang/heap_4.o
 .bss.__sf      0x20006fe0      0x138 C:/ST/STM32CubeIDE_2.1.1/STM32CubeIDE/plugins/com.st.stm32cube.ide.mcu.externaltools.gnu-tools-for-stm32.14.3.rel1.win32_1.0.100.202602081740/tools/bin/../lib/gcc/arm-none-eabi/14.3.1/../../../../arm-none-eabi/lib/thumb/v7e-m+fp/hard\libc_nano.a(libc_a-findfp.o)
                0x20006fe0                __sf
 *(COMMON)
                0x20007118                        . = ALIGN (0x4)
                0x20007118                        _ebss = .
                0x20007118                        __bss_end__ = _ebss

._user_heap_stack
                0x20007118      0x600
                0x20007118                        . = ALIGN (0x8)
                [!provide]                        PROVIDE (end = .)
                0x20007118                        PROVIDE (_end = .)
                0x20007318                        . = (. + _Min_Heap_Size)
 *fill*         0x20007118      0x200 
                0x20007718                        . = (. + _Min_Stack_Size)
 *fill*         0x20007318      0x400 
                0x20007718                        . = ALIGN (0x8)

/DISCARD/
 libc.a(*)
 libm.a(*)
 libgcc.a(*)

.ARM.attributes
                0x00000000       0x30
 *(.ARM.attributes)
 .ARM.attributes
                0x00000000       0x22 C:/ST/STM32CubeIDE_2.1.1/STM32CubeIDE/plugins/com.st.stm32cube.ide.mcu.externaltools.gnu-tools-for-stm32.14.3.rel1.win32_1.0.100.202602081740/tools/bin/../lib/gcc/arm-none-eabi/14.3.1/thumb/v7e-m+fp/hard/crti.o
 .ARM.attributes
                0x00000022       0x34 C:/ST/STM32CubeIDE_2.1.1/STM32CubeIDE/plugins/com.st.stm32cube.ide.mcu.externaltools.gnu-tools-for-stm32.14.3.rel1.win32_1.0.100.202602081740/tools/bin/../lib/gcc/arm-none-eabi/14.3.1/thumb/v7e-m+fp/hard/crtbegin.o
 .ARM.attributes
                0x00000056       0x34 ./Core/Src/adc.o
 .ARM.attributes
                0x0000008a       0x34 ./Core/Src/app_tasks.o
 .ARM.attributes
                0x000000be       0x34 ./Core/Src/dma.o
 .ARM.attributes
                0x000000f2       0x34 ./Core/Src/font12.o
 .ARM.attributes
                0x00000126       0x34 ./Core/Src/font24.o
 .ARM.attributes
                0x0000015a       0x34 ./Core/Src/freertos.o
 .ARM.attributes
                0x0000018e       0x34 ./Core/Src/fsmc.o
 .ARM.attributes
                0x000001c2       0x34 ./Core/Src/gpio.o
 .ARM.attributes
                0x000001f6       0x34 ./Core/Src/ili9325.o
 .ARM.attributes
                0x0000022a       0x34 ./Core/Src/main.o
 .ARM.attributes
                0x0000025e       0x34 ./Core/Src/openx07v_c_lcd.o
 .ARM.attributes
                0x00000292       0x34 ./Core/Src/spi.o
 .ARM.attributes
                0x000002c6       0x34 ./Core/Src/stm32f4xx_hal_msp.o
 .ARM.attributes
                0x000002fa       0x34 ./Core/Src/stm32f4xx_it.o
 .ARM.attributes
                0x0000032e       0x34 ./Core/Src/system_stm32f4xx.o
 .ARM.attributes
                0x00000362       0x34 ./Core/Src/tim.o
 .ARM.attributes
                0x00000396       0x34 ./Core/Src/touch_panel.o
 .ARM.attributes
                0x000003ca       0x34 ./Core/Src/usart.o
 .ARM.attributes
                0x000003fe       0x21 ./Core/Startup/startup_stm32f407vetx.o
 .ARM.attributes
                0x0000041f       0x34 ./Drivers/CMSIS/DSP/Source/CommonTables/arm_common_tables.o
 .ARM.attributes
                0x00000453       0x34 ./Drivers/CMSIS/DSP/Source/ComplexMathFunctions/arm_cmplx_mag_f32.o
 .ARM.attributes
                0x00000487       0x34 ./Drivers/CMSIS/DSP/Source/TransformFunctions/arm_bitreversal.o
 .ARM.attributes
                0x000004bb       0x34 ./Drivers/CMSIS/DSP/Source/TransformFunctions/arm_cfft_radix4_f32.o
 .ARM.attributes
                0x000004ef       0x34 ./Drivers/CMSIS/DSP/Source/TransformFunctions/arm_cfft_radix4_init_f32.o
 .ARM.attributes
                0x00000523       0x34 ./Drivers/STM32F4xx_HAL_Driver/Src/stm32f4xx_hal.o
 .ARM.attributes
                0x00000557       0x34 ./Drivers/STM32F4xx_HAL_Driver/Src/stm32f4xx_hal_adc.o
 .ARM.attributes
                0x0000058b       0x34 ./Drivers/STM32F4xx_HAL_Driver/Src/stm32f4xx_hal_cortex.o
 .ARM.attributes
                0x000005bf       0x34 ./Drivers/STM32F4xx_HAL_Driver/Src/stm32f4xx_hal_dma.o
 .ARM.attributes
                0x000005f3       0x34 ./Drivers/STM32F4xx_HAL_Driver/Src/stm32f4xx_hal_gpio.o
 .ARM.attributes
                0x00000627       0x34 ./Drivers/STM32F4xx_HAL_Driver/Src/stm32f4xx_hal_rcc.o
 .ARM.attributes
                0x0000065b       0x34 ./Drivers/STM32F4xx_HAL_Driver/Src/stm32f4xx_hal_spi.o
 .ARM.attributes
                0x0000068f       0x34 ./Drivers/STM32F4xx_HAL_Driver/Src/stm32f4xx_hal_sram.o
 .ARM.attributes
                0x000006c3       0x34 ./Drivers/STM32F4xx_HAL_Driver/Src/stm32f4xx_hal_tim.o
 .ARM.attributes
                0x000006f7       0x34 ./Drivers/STM32F4xx_HAL_Driver/Src/stm32f4xx_hal_tim_ex.o
 .ARM.attributes
                0x0000072b       0x34 ./Drivers/STM32F4xx_HAL_Driver/Src/stm32f4xx_hal_uart.o
 .ARM.attributes
                0x0000075f       0x34 ./Drivers/STM32F4xx_HAL_Driver/Src/stm32f4xx_ll_fsmc.o
 .ARM.attributes
                0x00000793       0x34 ./Middlewares/Third_Party/FreeRTOS/Source/CMSIS_RTOS/cmsis_os.o
 .ARM.attributes
                0x000007c7       0x34 ./Middlewares/Third_Party/FreeRTOS/Source/list.o
 .ARM.attributes
                0x000007fb       0x34 ./Middlewares/Third_Party/FreeRTOS/Source/queue.o
 .ARM.attributes
                0x0000082f       0x34 ./Middlewares/Third_Party/FreeRTOS/Source/tasks.o
 .ARM.attributes
                0x00000863       0x34 ./Middlewares/Third_Party/FreeRTOS/Source/portable/GCC/ARM_CM4F/port.o
 .ARM.attributes
                0x00000897       0x34 ./Middlewares/Third_Party/FreeRTOS/Source/portable/MemMang/heap_4.o
 .ARM.attributes
                0x000008cb       0x34 C:/ST/STM32CubeIDE_2.1.1/STM32CubeIDE/plugins/com.st.stm32cube.ide.mcu.externaltools.gnu-tools-for-stm32.14.3.rel1.win32_1.0.100.202602081740/tools/bin/../lib/gcc/arm-none-eabi/14.3.1/../../../../arm-none-eabi/lib/thumb/v7e-m+fp/hard\libc_nano.a(libc_a-findfp.o)
 .ARM.attributes
                0x000008ff       0x34 C:/ST/STM32CubeIDE_2.1.1/STM32CubeIDE/plugins/com.st.stm32cube.ide.mcu.externaltools.gnu-tools-for-stm32.14.3.rel1.win32_1.0.100.202602081740/tools/bin/../lib/gcc/arm-none-eabi/14.3.1/../../../../arm-none-eabi/lib/thumb/v7e-m+fp/hard\libc_nano.a(libc_a-memset.o)
 .ARM.attributes
                0x00000933       0x34 C:/ST/STM32CubeIDE_2.1.1/STM32CubeIDE/plugins/com.st.stm32cube.ide.mcu.externaltools.gnu-tools-for-stm32.14.3.rel1.win32_1.0.100.202602081740/tools/bin/../lib/gcc/arm-none-eabi/14.3.1/../../../../arm-none-eabi/lib/thumb/v7e-m+fp/hard\libc_nano.a(libc_a-impure.o)
 .ARM.attributes
                0x00000967       0x34 C:/ST/STM32CubeIDE_2.1.1/STM32CubeIDE/plugins/com.st.stm32cube.ide.mcu.externaltools.gnu-tools-for-stm32.14.3.rel1.win32_1.0.100.202602081740/tools/bin/../lib/gcc/arm-none-eabi/14.3.1/../../../../arm-none-eabi/lib/thumb/v7e-m+fp/hard\libc_nano.a(libc_a-errno.o)
 .ARM.attributes
                0x0000099b       0x34 C:/ST/STM32CubeIDE_2.1.1/STM32CubeIDE/plugins/com.st.stm32cube.ide.mcu.externaltools.gnu-tools-for-stm32.14.3.rel1.win32_1.0.100.202602081740/tools/bin/../lib/gcc/arm-none-eabi/14.3.1/../../../../arm-none-eabi/lib/thumb/v7e-m+fp/hard\libc_nano.a(libc_a-init.o)
 .ARM.attributes
                0x000009cf       0x34 C:/ST/STM32CubeIDE_2.1.1/STM32CubeIDE/plugins/com.st.stm32cube.ide.mcu.externaltools.gnu-tools-for-stm32.14.3.rel1.win32_1.0.100.202602081740/tools/bin/../lib/gcc/arm-none-eabi/14.3.1/../../../../arm-none-eabi/lib/thumb/v7e-m+fp/hard\libc_nano.a(libc_a-memcpy-stub.o)
 .ARM.attributes
                0x00000a03       0x34 C:/ST/STM32CubeIDE_2.1.1/STM32CubeIDE/plugins/com.st.stm32cube.ide.mcu.externaltools.gnu-tools-for-stm32.14.3.rel1.win32_1.0.100.202602081740/tools/bin/../lib/gcc/arm-none-eabi/14.3.1/../../../../arm-none-eabi/lib/thumb/v7e-m+fp/hard\libm.a(libm_a-wf_log10.o)
 .ARM.attributes
                0x00000a37       0x34 C:/ST/STM32CubeIDE_2.1.1/STM32CubeIDE/plugins/com.st.stm32cube.ide.mcu.externaltools.gnu-tools-for-stm32.14.3.rel1.win32_1.0.100.202602081740/tools/bin/../lib/gcc/arm-none-eabi/14.3.1/../../../../arm-none-eabi/lib/thumb/v7e-m+fp/hard\libm.a(libm_a-wf_sqrt.o)
 .ARM.attributes
                0x00000a6b       0x34 C:/ST/STM32CubeIDE_2.1.1/STM32CubeIDE/plugins/com.st.stm32cube.ide.mcu.externaltools.gnu-tools-for-stm32.14.3.rel1.win32_1.0.100.202602081740/tools/bin/../lib/gcc/arm-none-eabi/14.3.1/../../../../arm-none-eabi/lib/thumb/v7e-m+fp/hard\libm.a(libm_a-sf_nan.o)
 .ARM.attributes
                0x00000a9f       0x34 C:/ST/STM32CubeIDE_2.1.1/STM32CubeIDE/plugins/com.st.stm32cube.ide.mcu.externaltools.gnu-tools-for-stm32.14.3.rel1.win32_1.0.100.202602081740/tools/bin/../lib/gcc/arm-none-eabi/14.3.1/../../../../arm-none-eabi/lib/thumb/v7e-m+fp/hard\libm.a(libm_a-ef_sqrt.o)
 .ARM.attributes
                0x00000ad3       0x34 C:/ST/STM32CubeIDE_2.1.1/STM32CubeIDE/plugins/com.st.stm32cube.ide.mcu.externaltools.gnu-tools-for-stm32.14.3.rel1.win32_1.0.100.202602081740/tools/bin/../lib/gcc/arm-none-eabi/14.3.1/../../../../arm-none-eabi/lib/thumb/v7e-m+fp/hard\libm.a(libm_a-ef_log10.o)
 .ARM.attributes
                0x00000b07       0x34 C:/ST/STM32CubeIDE_2.1.1/STM32CubeIDE/plugins/com.st.stm32cube.ide.mcu.externaltools.gnu-tools-for-stm32.14.3.rel1.win32_1.0.100.202602081740/tools/bin/../lib/gcc/arm-none-eabi/14.3.1/../../../../arm-none-eabi/lib/thumb/v7e-m+fp/hard\libm.a(libm_a-ef_log.o)
 .ARM.attributes
                0x00000b3b       0x22 C:/ST/STM32CubeIDE_2.1.1/STM32CubeIDE/plugins/com.st.stm32cube.ide.mcu.externaltools.gnu-tools-for-stm32.14.3.rel1.win32_1.0.100.202602081740/tools/bin/../lib/gcc/arm-none-eabi/14.3.1/thumb/v7e-m+fp/hard\libgcc.a(_arm_addsubdf3.o)
 .ARM.attributes
                0x00000b5d       0x22 C:/ST/STM32CubeIDE_2.1.1/STM32CubeIDE/plugins/com.st.stm32cube.ide.mcu.externaltools.gnu-tools-for-stm32.14.3.rel1.win32_1.0.100.202602081740/tools/bin/../lib/gcc/arm-none-eabi/14.3.1/thumb/v7e-m+fp/hard\libgcc.a(_arm_cmpdf2.o)
 .ARM.attributes
                0x00000b7f       0x22 C:/ST/STM32CubeIDE_2.1.1/STM32CubeIDE/plugins/com.st.stm32cube.ide.mcu.externaltools.gnu-tools-for-stm32.14.3.rel1.win32_1.0.100.202602081740/tools/bin/../lib/gcc/arm-none-eabi/14.3.1/thumb/v7e-m+fp/hard\libgcc.a(_aeabi_uldivmod.o)
 .ARM.attributes
                0x00000ba1       0x34 C:/ST/STM32CubeIDE_2.1.1/STM32CubeIDE/plugins/com.st.stm32cube.ide.mcu.externaltools.gnu-tools-for-stm32.14.3.rel1.win32_1.0.100.202602081740/tools/bin/../lib/gcc/arm-none-eabi/14.3.1/thumb/v7e-m+fp/hard\libgcc.a(_udivmoddi4.o)
 .ARM.attributes
                0x00000bd5       0x22 C:/ST/STM32CubeIDE_2.1.1/STM32CubeIDE/plugins/com.st.stm32cube.ide.mcu.externaltools.gnu-tools-for-stm32.14.3.rel1.win32_1.0.100.202602081740/tools/bin/../lib/gcc/arm-none-eabi/14.3.1/thumb/v7e-m+fp/hard\libgcc.a(_dvmd_tls.o)
 .ARM.attributes
                0x00000bf7       0x22 C:/ST/STM32CubeIDE_2.1.1/STM32CubeIDE/plugins/com.st.stm32cube.ide.mcu.externaltools.gnu-tools-for-stm32.14.3.rel1.win32_1.0.100.202602081740/tools/bin/../lib/gcc/arm-none-eabi/14.3.1/thumb/v7e-m+fp/hard/crtn.o
OUTPUT(SignalProcess_FIR-IIR.elf elf32-littlearm)
LOAD linker stubs
LOAD C:/ST/STM32CubeIDE_2.1.1/STM32CubeIDE/plugins/com.st.stm32cube.ide.mcu.externaltools.gnu-tools-for-stm32.14.3.rel1.win32_1.0.100.202602081740/tools/bin/../lib/gcc/arm-none-eabi/14.3.1/../../../../arm-none-eabi/lib/thumb/v7e-m+fp/hard\libc.a
LOAD C:/ST/STM32CubeIDE_2.1.1/STM32CubeIDE/plugins/com.st.stm32cube.ide.mcu.externaltools.gnu-tools-for-stm32.14.3.rel1.win32_1.0.100.202602081740/tools/bin/../lib/gcc/arm-none-eabi/14.3.1/../../../../arm-none-eabi/lib/thumb/v7e-m+fp/hard\libm.a
LOAD C:/ST/STM32CubeIDE_2.1.1/STM32CubeIDE/plugins/com.st.stm32cube.ide.mcu.externaltools.gnu-tools-for-stm32.14.3.rel1.win32_1.0.100.202602081740/tools/bin/../lib/gcc/arm-none-eabi/14.3.1/thumb/v7e-m+fp/hard\libgcc.a

.debug_info     0x00000000    0x1edcb
 .debug_info    0x00000000      0x9d5 ./Core/Src/adc.o
 .debug_info    0x000009d5     0x1037 ./Core/Src/app_tasks.o
 .debug_info    0x00001a0c      0x4ad ./Core/Src/dma.o
 .debug_info    0x00001eb9      0x125 ./Core/Src/font12.o
 .debug_info    0x00001fde      0x125 ./Core/Src/font24.o
 .debug_info    0x00002103      0x4be ./Core/Src/freertos.o
 .debug_info    0x000025c1      0x9e0 ./Core/Src/fsmc.o
 .debug_info    0x00002fa1      0x441 ./Core/Src/gpio.o
 .debug_info    0x000033e2      0x6b8 ./Core/Src/ili9325.o
 .debug_info    0x00003a9a     0x11de ./Core/Src/main.o
 .debug_info    0x00004c78      0xdb6 ./Core/Src/openx07v_c_lcd.o
 .debug_info    0x00005a2e      0xbbd ./Core/Src/spi.o
 .debug_info    0x000065eb      0x4b7 ./Core/Src/stm32f4xx_hal_msp.o
 .debug_info    0x00006aa2      0x906 ./Core/Src/stm32f4xx_it.o
 .debug_info    0x000073a8      0x512 ./Core/Src/system_stm32f4xx.o
 .debug_info    0x000078ba      0x994 ./Core/Src/tim.o
 .debug_info    0x0000824e      0xcca ./Core/Src/touch_panel.o
 .debug_info    0x00008f18      0xb8d ./Core/Src/usart.o
 .debug_info    0x00009aa5       0x30 ./Core/Startup/startup_stm32f407vetx.o
 .debug_info    0x00009ad5     0x1366 ./Drivers/CMSIS/DSP/Source/CommonTables/arm_common_tables.o
 .debug_info    0x0000ae3b      0x1d8 ./Drivers/CMSIS/DSP/Source/ComplexMathFunctions/arm_cmplx_mag_f32.o
 .debug_info    0x0000b013      0x2e2 ./Drivers/CMSIS/DSP/Source/TransformFunctions/arm_bitreversal.o
 .debug_info    0x0000b2f5      0x51c ./Drivers/CMSIS/DSP/Source/TransformFunctions/arm_cfft_radix4_f32.o
 .debug_info    0x0000b811      0x243 ./Drivers/CMSIS/DSP/Source/TransformFunctions/arm_cfft_radix4_init_f32.o
 .debug_info    0x0000ba54      0x944 ./Drivers/STM32F4xx_HAL_Driver/Src/stm32f4xx_hal.o
 .debug_info    0x0000c398      0xce3 ./Drivers/STM32F4xx_HAL_Driver/Src/stm32f4xx_hal_adc.o
 .debug_info    0x0000d07b      0xd8c ./Drivers/STM32F4xx_HAL_Driver/Src/stm32f4xx_hal_cortex.o
 .debug_info    0x0000de07      0x8e7 ./Drivers/STM32F4xx_HAL_Driver/Src/stm32f4xx_hal_dma.o
 .debug_info    0x0000e6ee      0x6c3 ./Drivers/STM32F4xx_HAL_Driver/Src/stm32f4xx_hal_gpio.o
 .debug_info    0x0000edb1      0x8c3 ./Drivers/STM32F4xx_HAL_Driver/Src/stm32f4xx_hal_rcc.o
 .debug_info    0x0000f674     0x1525 ./Drivers/STM32F4xx_HAL_Driver/Src/stm32f4xx_hal_spi.o
 .debug_info    0x00010b99      0xd48 ./Drivers/STM32F4xx_HAL_Driver/Src/stm32f4xx_hal_sram.o
 .debug_info    0x000118e1     0x299d ./Drivers/STM32F4xx_HAL_Driver/Src/stm32f4xx_hal_tim.o
 .debug_info    0x0001427e     0x14db ./Drivers/STM32F4xx_HAL_Driver/Src/stm32f4xx_hal_tim_ex.o
 .debug_info    0x00015759     0x2f4f ./Drivers/STM32F4xx_HAL_Driver/Src/stm32f4xx_hal_uart.o
 .debug_info    0x000186a8      0x9a5 ./Drivers/STM32F4xx_HAL_Driver/Src/stm32f4xx_ll_fsmc.o
 .debug_info    0x0001904d     0x1b9d ./Middlewares/Third_Party/FreeRTOS/Source/CMSIS_RTOS/cmsis_os.o
 .debug_info    0x0001abea      0x2af ./Middlewares/Third_Party/FreeRTOS/Source/list.o
 .debug_info    0x0001ae99     0x18d8 ./Middlewares/Third_Party/FreeRTOS/Source/queue.o
 .debug_info    0x0001c771     0x1ca7 ./Middlewares/Third_Party/FreeRTOS/Source/tasks.o
 .debug_info    0x0001e418      0x4de ./Middlewares/Third_Party/FreeRTOS/Source/portable/GCC/ARM_CM4F/port.o
 .debug_info    0x0001e8f6      0x4d5 ./Middlewares/Third_Party/FreeRTOS/Source/portable/MemMang/heap_4.o

.debug_abbrev   0x00000000     0x5237
 .debug_abbrev  0x00000000      0x205 ./Core/Src/adc.o
 .debug_abbrev  0x00000205      0x302 ./Core/Src/app_tasks.o
 .debug_abbrev  0x00000507      0x10e ./Core/Src/dma.o
 .debug_abbrev  0x00000615       0xb1 ./Core/Src/font12.o
 .debug_abbrev  0x000006c6       0xb1 ./Core/Src/font24.o
 .debug_abbrev  0x00000777      0x17e ./Core/Src/freertos.o
 .debug_abbrev  0x000008f5      0x212 ./Core/Src/fsmc.o
 .debug_abbrev  0x00000b07      0x152 ./Core/Src/gpio.o
 .debug_abbrev  0x00000c59      0x22d ./Core/Src/ili9325.o
 .debug_abbrev  0x00000e86      0x285 ./Core/Src/main.o
 .debug_abbrev  0x0000110b      0x28d ./Core/Src/openx07v_c_lcd.o
 .debug_abbrev  0x00001398      0x219 ./Core/Src/spi.o
 .debug_abbrev  0x000015b1      0x119 ./Core/Src/stm32f4xx_hal_msp.o
 .debug_abbrev  0x000016ca      0x19c ./Core/Src/stm32f4xx_it.o
 .debug_abbrev  0x00001866      0x11a ./Core/Src/system_stm32f4xx.o
 .debug_abbrev  0x00001980      0x1d8 ./Core/Src/tim.o
 .debug_abbrev  0x00001b58      0x2ea ./Core/Src/touch_panel.o
 .debug_abbrev  0x00001e42      0x218 ./Core/Src/usart.o
 .debug_abbrev  0x0000205a       0x24 ./Core/Startup/startup_stm32f407vetx.o
 .debug_abbrev  0x0000207e       0xc2 ./Drivers/CMSIS/DSP/Source/CommonTables/arm_common_tables.o
 .debug_abbrev  0x00002140      0x129 ./Drivers/CMSIS/DSP/Source/ComplexMathFunctions/arm_cmplx_mag_f32.o
 .debug_abbrev  0x00002269       0xaf ./Drivers/CMSIS/DSP/Source/TransformFunctions/arm_bitreversal.o
 .debug_abbrev  0x00002318      0x142 ./Drivers/CMSIS/DSP/Source/TransformFunctions/arm_cfft_radix4_f32.o
 .debug_abbrev  0x0000245a      0x117 ./Drivers/CMSIS/DSP/Source/TransformFunctions/arm_cfft_radix4_init_f32.o
 .debug_abbrev  0x00002571      0x214 ./Drivers/STM32F4xx_HAL_Driver/Src/stm32f4xx_hal.o
 .debug_abbrev  0x00002785      0x252 ./Drivers/STM32F4xx_HAL_Driver/Src/stm32f4xx_hal_adc.o
 .debug_abbrev  0x000029d7      0x31d ./Drivers/STM32F4xx_HAL_Driver/Src/stm32f4xx_hal_cortex.o
 .debug_abbrev  0x00002cf4      0x264 ./Drivers/STM32F4xx_HAL_Driver/Src/stm32f4xx_hal_dma.o
 .debug_abbrev  0x00002f58      0x1d4 ./Drivers/STM32F4xx_HAL_Driver/Src/stm32f4xx_hal_gpio.o
 .debug_abbrev  0x0000312c      0x2b7 ./Drivers/STM32F4xx_HAL_Driver/Src/stm32f4xx_hal_rcc.o
 .debug_abbrev  0x000033e3      0x27a ./Drivers/STM32F4xx_HAL_Driver/Src/stm32f4xx_hal_spi.o
 .debug_abbrev  0x0000365d      0x1f3 ./Drivers/STM32F4xx_HAL_Driver/Src/stm32f4xx_hal_sram.o
 .debug_abbrev  0x00003850      0x278 ./Drivers/STM32F4xx_HAL_Driver/Src/stm32f4xx_hal_tim.o
 .debug_abbrev  0x00003ac8      0x283 ./Drivers/STM32F4xx_HAL_Driver/Src/stm32f4xx_hal_tim_ex.o
 .debug_abbrev  0x00003d4b      0x30e ./Drivers/STM32F4xx_HAL_Driver/Src/stm32f4xx_hal_uart.o
 .debug_abbrev  0x00004059      0x1ab ./Drivers/STM32F4xx_HAL_Driver/Src/stm32f4xx_ll_fsmc.o
 .debug_abbrev  0x00004204      0x3b7 ./Middlewares/Third_Party/FreeRTOS/Source/CMSIS_RTOS/cmsis_os.o
 .debug_abbrev  0x000045bb       0xf5 ./Middlewares/Third_Party/FreeRTOS/Source/list.o
 .debug_abbrev  0x000046b0      0x3b5 ./Middlewares/Third_Party/FreeRTOS/Source/queue.o
 .debug_abbrev  0x00004a65      0x359 ./Middlewares/Third_Party/FreeRTOS/Source/tasks.o
 .debug_abbrev  0x00004dbe      0x25c ./Middlewares/Third_Party/FreeRTOS/Source/portable/GCC/ARM_CM4F/port.o
 .debug_abbrev  0x0000501a      0x21d ./Middlewares/Third_Party/FreeRTOS/Source/portable/MemMang/heap_4.o

.debug_aranges  0x00000000     0x1ac8
 .debug_aranges
                0x00000000       0x30 ./Core/Src/adc.o
 .debug_aranges
                0x00000030       0x60 ./Core/Src/app_tasks.o
 .debug_aranges
                0x00000090       0x20 ./Core/Src/dma.o
 .debug_aranges
                0x000000b0       0x18 ./Core/Src/font12.o
 .debug_aranges
                0x000000c8       0x18 ./Core/Src/font24.o
 .debug_aranges
                0x000000e0       0x30 ./Core/Src/freertos.o
 .debug_aranges