../Core/Src/openx07v_c_lcd.c:109:9:BSP_LCD_Init	16	static
../Core/Src/openx07v_c_lcd.c:137:10:BSP_LCD_GetXSize	8	static
../Core/Src/openx07v_c_lcd.c:146:10:BSP_LCD_GetYSize	8	static
../Core/Src/openx07v_c_lcd.c:155:10:BSP_LCD_GetTextColor	4	static
../Core/Src/openx07v_c_lcd.c:164:10:BSP_LCD_GetBackColor	4	static
../Core/Src/openx07v_c_lcd.c:174:6:BSP_LCD_SetTextColor	16	static
../Core/Src/openx07v_c_lcd.c:184:6:BSP_LCD_SetBackColor	16	static
../Core/Src/openx07v_c_lcd.c:194:6:BSP_LCD_SetFont	16	static
../Core/Src/openx07v_c_lcd.c:203:8:BSP_LCD_GetFont	4	static
../Core/Src/openx07v_c_lcd.c:213:6:BSP_LCD_Clear	32	static
../Core/Src/openx07v_c_lcd.c:238:6:BSP_LCD_ClearStringLine	32	static
../Core/Src/openx07v_c_lcd.c:258:6:BSP_LCD_DisplayChar	16	static
../Core/Src/openx07v_c_lcd.c:276:6:BSP_LCD_DisplayStringAt	48	static
../Core/Src/openx07v_c_lcd.c:335:6:BSP_LCD_DisplayStringAtLine	16	static
../Core/Src/openx07v_c_lcd.c:346:10:BSP_LCD_ReadPixel	24	static
../Core/Src/openx07v_c_lcd.c:365:6:BSP_LCD_DrawHLine	32	static
../Core/Src/openx07v_c_lcd.c:389:6:BSP_LCD_DrawVLine	32	static
../Core/Src/openx07v_c_lcd.c:414:6:BSP_LCD_DrawLine	56	static
../Core/Src/openx07v_c_lcd.c:489:6:BSP_LCD_DrawRect	24	static
../Core/Src/openx07v_c_lcd.c:507:6:BSP_LCD_DrawCircle	32	static
../Core/Src/openx07v_c_lcd.c:557:6:BSP_LCD_DrawPolygon	32	static
../Core/Src/openx07v_c_lcd.c:586:6:BSP_LCD_DrawEllipse	56	static
../Core/Src/openx07v_c_lcd.c:619:6:BSP_LCD_DrawBitmap	32	static
../Core/Src/openx07v_c_lcd.c:651:6:BSP_LCD_DrawRGBImage	32	static
../Core/Src/openx07v_c_lcd.c:671:6:BSP_LCD_FillRect	24	static
../Core/Src/openx07v_c_lcd.c:688:6:BSP_LCD_FillCircle	32	static
../Core/Src/openx07v_c_lcd.c:738:6:BSP_LCD_FillEllipse	56	static
../Core/Src/openx07v_c_lcd.c:768:6:BSP_LCD_DisplayOn	8	static
../Core/Src/openx07v_c_lcd.c:777:6:BSP_LCD_DisplayOff	8	static
../Core/Src/openx07v_c_lcd.c:800:13:LCD_DrawPixel	16	static
../Core/Src/openx07v_c_lcd.c:815:13:LCD_DrawChar	48	static
../Core/Src/openx07v_c_lcd.c:886:13:LCD_SetDisplayWindow	24	static
